Component: ARM Compiler 5.06 update 2 (build 183) Tool: armlink [4d35b7]

==============================================================================

Section Cross References

    all.o(i.__sti___7_all_cpp_drawing) refers to all.o(i._ZN4mbed6TickerC1Ev) for mbed::Ticker::Ticker()
    all.o(i.__sti___7_all_cpp_drawing) refers to aeabi_atexit.o(.text) for __aeabi_atexit
    all.o(i.__sti___7_all_cpp_drawing) refers to all.o(.bss) for drawing
    all.o(i.__sti___7_all_cpp_drawing) refers to all.o(i._ZN4mbed6TickerD1Ev) for mbed::Ticker::~Ticker()
    all.o(i.main) refers to physics.o(i._Z15initialise_heapv) for initialise_heap()
    all.o(i.main) refers to physics.o(i._Z23initialise_asteroidheapv) for initialise_asteroidheap()
    all.o(i.main) refers to drawing.o(i._Z21init_double_bufferingv) for init_double_buffering()
    all.o(i.main) refers to physics.o(i._Z13initialvaluesv) for initialvalues()
    all.o(i.main) refers to all.o(i._ZN4mbed6Ticker6attachEPFvvEf) for mbed::Ticker::attach(void(*)(), float)
    all.o(i.main) refers to ticker.o(i._ZN4mbed6Ticker6detachEv) for mbed::Ticker::detach()
    all.o(i.main) refers to drawing.o(i._Z12gameovertextv) for gameovertext()
    all.o(i.main) refers to controls.o(i._Z10startagainv) for startagain()
    all.o(i.main) refers to physics.o(.data) for lives
    all.o(i.main) refers to drawing.o(i._Z4drawv) for draw()
    all.o(i.main) refers to all.o(.bss) for drawing
    all.o(i.main) refers to physics.o(i._Z7physicsv) for physics()
    all.o(i.main) refers to controls.o(i._Z8controlsv) for controls()
    all.o(i.main) refers to physics.o(i._Z15asteroid_systemv) for asteroid_system()
    all.o(.ARM.exidx) refers to all.o(i.main) for i.main
    all.o(.ARM.exidx) refers to all.o(i.__sti___7_all_cpp_drawing) for i.__sti___7_all_cpp_drawing
    all.o(.init_array) refers to all.o(i.__sti___7_all_cpp_drawing) for __sti___7_all_cpp_drawing
    all.o(.init_array) refers to init_aeabi.o(.text) for __cpp_initialize__aeabi_
    controls.o(i._Z10startagainv) refers to controls.o(i._Z9ispressed8position) for ispressed(position)
    controls.o(i._Z10startagainv) refers to physics.o(.data) for lives
    controls.o(i._Z8controlsv) refers to controls.o(i._Z9ispressed8position) for ispressed(position)
    controls.o(i._Z8controlsv) refers to dleqf.o(x$fpl$dleqf) for __aeabi_cdcmple
    controls.o(i._Z8controlsv) refers to daddsub_clz.o(x$fpl$dadd) for __aeabi_dadd
    controls.o(i._Z8controlsv) refers to physics.o(i._Z14missile_systemv) for missile_system()
    controls.o(i._Z8controlsv) refers to physics.o(.data) for headingAngle
    controls.o(i._Z9ispressed8position) refers to assert.o(i.mbed_assert_internal) for mbed_assert_internal
    controls.o(i._Z9ispressed8position) refers to controls.o(.bss) for buttons
    controls.o(i._Z9ispressed8position) refers to controls.o(.conststring) for .conststring
    controls.o(i.__sti___12_controls_cpp_buttons) refers to controls.o(i._ZN4mbed9DigitalInC1E7PinName) for mbed::DigitalIn::DigitalIn(PinName)
    controls.o(i.__sti___12_controls_cpp_buttons) refers to controls.o(.bss) for buttons
    controls.o(.ARM.exidx) refers to controls.o(i._Z9ispressed8position) for i._Z9ispressed8position
    controls.o(.ARM.exidx) refers to controls.o(i._Z8controlsv) for i._Z8controlsv
    controls.o(.ARM.exidx) refers to controls.o(i._Z10startagainv) for i._Z10startagainv
    controls.o(.ARM.exidx) refers to controls.o(i.__sti___12_controls_cpp_buttons) for i.__sti___12_controls_cpp_buttons
    controls.o(.init_array) refers to controls.o(i.__sti___12_controls_cpp_buttons) for __sti___12_controls_cpp_buttons
    controls.o(.init_array) refers to init_aeabi.o(.text) for __cpp_initialize__aeabi_
    utilities.o(i._Z9randrangeii) refers to rand.o(.emb_text) for rand
    utilities.o(.ARM.exidx) refers to utilities.o(i._Z9randrangeii) for i._Z9randrangeii
    utilities.o(.ARM.exidx) refers to utilities.o(i._Z7radiansf) for i._Z7radiansf
    physics.o(i._Z10wraparoundv) refers to physics.o(.data) for originX
    physics.o(i._Z13initialvaluesv) refers to physics.o(.data) for originX
    physics.o(i._Z14asteroidupdateP8asteroid) refers to physics.o(i._Z16asteroidfreenodeP8asteroid) for asteroidfreenode(asteroid*)
    physics.o(i._Z14missile_systemv) refers to physics.o(i._Z9allocnodev) for allocnode()
    physics.o(i._Z14missile_systemv) refers to physics.o(i._Z6strikeP7missile) for strike(missile*)
    physics.o(i._Z14missile_systemv) refers to physics.o(.data) for active
    physics.o(i._Z15asteroid_systemv) refers to physics.o(i._Z17asteroidallocnodev) for asteroidallocnode()
    physics.o(i._Z15asteroid_systemv) refers to physics.o(i._Z6strikeP8asteroid) for strike(asteroid*)
    physics.o(i._Z15asteroid_systemv) refers to physics.o(.data) for asteroidactive
    physics.o(i._Z15initialise_heapv) refers to physics.o(.bss) for heap
[...]
    EaLcdBoardGPIO::setWriteProtect(bool)    0x00005d8b   Thumb Code     2  ealcdboardgpio.o(i._ZN14EaLcdBoardGPIO15setWriteProtectEb)
    EaLcdBoardGPIO::setBacklightContrast(unsigned) 0x00005d8d   Thumb Code    78  ealcdboardgpio.o(i._ZN14EaLcdBoardGPIO20setBacklightContrastEj)
    EaLcdBoardGPIO::setDisplayEnableSignal(bool) 0x00005de9   Thumb Code    46  ealcdboardgpio.o(i._ZN14EaLcdBoardGPIO22setDisplayEnableSignalEb)
    EaLcdBoardGPIO::EaLcdBoardGPIO(PinName, PinName) 0x00005e21   Thumb Code   150  ealcdboardgpio.o(i._ZN14EaLcdBoardGPIOC1E7PinNameS0_)
    EaLcdBoardGPIO::EaLcdBoardGPIO__sub_object(PinName, PinName) 0x00005e21   Thumb Code     0  ealcdboardgpio.o(i._ZN14EaLcdBoardGPIOC1E7PinNameS0_)
    mbed::DigitalOut::DigitalOut(PinName)    0x00005ebd   Thumb Code    26  ealcdboardgpio.o(i._ZN4mbed10DigitalOutC1E7PinName)
    mbed::DigitalOut::DigitalOut__sub_object(PinName) 0x00005ebd   Thumb Code     0  ealcdboardgpio.o(i._ZN4mbed10DigitalOutC1E7PinName)
    mbed::DigitalOut::operator =(int)        0x00005ed9   Thumb Code    64  ealcdboardgpio.o(i._ZN4mbed10DigitalOutaSEi)
    mbed::FileHandle::flen()                 0x00005f35   Thumb Code    58  filelike.o(i._ZN4mbed10FileHandle4flenEv)
    mbed::TimerEvent::irq(unsigned)          0x00005f6f   Thumb Code    16  timerevent.o(i._ZN4mbed10TimerEvent3irqEj)
    mbed::TimerEvent::insert(unsigned)       0x00005f7f   Thumb Code    20  timerevent.o(i._ZN4mbed10TimerEvent6insertEj)
    mbed::TimerEvent::remove()               0x00005f93   Thumb Code    14  timerevent.o(i._ZN4mbed10TimerEvent6removeEv)
    mbed::TimerEvent::TimerEvent__sub_object() 0x00005fa1   Thumb Code    34  timerevent.o(i._ZN4mbed10TimerEventC2Ev)
    mbed::TimerEvent::~TimerEvent()          0x00005fcd   Thumb Code     0  timerevent.o(i._ZN4mbed10TimerEventD2Ev)
    mbed::TimerEvent::~TimerEvent__sub_object() 0x00005fcd   Thumb Code    18  timerevent.o(i._ZN4mbed10TimerEventD2Ev)
    mbed::mbed_set_unbuffered_stream(std::__FILE*) 0x00005fe5   Thumb Code    14  retarget.o(i._ZN4mbed26mbed_set_unbuffered_streamEPSt6__FILE)
    mbed::I2C::read(int, char*, int, bool)   0x00005ff3   Thumb Code    58  i2c.o(i._ZN4mbed3I2C4readEiPcib)
    mbed::I2C::write(int, const char*, int, bool) 0x0000602d   Thumb Code    58  i2c.o(i._ZN4mbed3I2C5writeEiPKcib)
    mbed::I2C::aquire()                      0x00006069   Thumb Code    26  i2c.o(i._ZN4mbed3I2C6aquireEv)
    mbed::I2C::I2C(PinName, PinName)         0x00006089   Thumb Code    34  i2c.o(i._ZN4mbed3I2CC1E7PinNameS1_)
    mbed::I2C::I2C__sub_object(PinName, PinName) 0x00006089   Thumb Code     0  i2c.o(i._ZN4mbed3I2CC1E7PinNameS1_)
    mbed::Stream::flen()                     0x000060b5   Thumb Code     6  stream.o(i._ZN4mbed6Stream4flenEv)
    mbed::Stream::close()                    0x000060bb   Thumb Code     6  stream.o(i._ZN4mbed6Stream5closeEv)
    mbed::Stream::lseek(long, int)           0x000060c1   Thumb Code     6  stream.o(i._ZN4mbed6Stream5lseekEli)
    mbed::Stream::write(const void*, unsigned) 0x000060c7   Thumb Code    48  stream.o(i._ZN4mbed6Stream5writeEPKvj)
    mbed::Stream::isatty()                   0x000060f7   Thumb Code     6  stream.o(i._ZN4mbed6Stream6isattyEv)
    mbed::Stream::printf(const char*, ...)   0x000060fd   Thumb Code    40  stream.o(i._ZN4mbed6Stream6printfEPKcz)
    mbed::Stream::Stream__sub_object(const char*) 0x00006125   Thumb Code    58  stream.o(i._ZN4mbed6StreamC2EPKc)
    mbed::Ticker::setup(unsigned)            0x0000616d   Thumb Code    34  ticker.o(i._ZN4mbed6Ticker5setupEj)
    mbed::Ticker::attach(void(*)(), float)   0x00006191   Thumb Code    56  all.o(i._ZN4mbed6Ticker6attachEPFvvEf)
    mbed::Ticker::detach()                   0x000061cd   Thumb Code    22  ticker.o(i._ZN4mbed6Ticker6detachEv)
    mbed::Ticker::handler()                  0x000061e3   Thumb Code    56  ticker.o(i._ZN4mbed6Ticker7handlerEv)
    mbed::Ticker::Ticker()                   0x0000621d   Thumb Code    40  all.o(i._ZN4mbed6TickerC1Ev)
    mbed::Ticker::Ticker__sub_object()       0x0000621d   Thumb Code     0  all.o(i._ZN4mbed6TickerC1Ev)
    mbed::Ticker::~Ticker()                  0x00006249   Thumb Code    26  all.o(i._ZN4mbed6TickerD1Ev)
    mbed::Ticker::~Ticker__sub_object()      0x00006249   Thumb Code     0  all.o(i._ZN4mbed6TickerD1Ev)
    mbed::FileBase::getPathType()            0x00006269   Thumb Code     6  filebase.o(i._ZN4mbed8FileBase11getPathTypeEv)
    mbed::FileBase::lookup(const char*, unsigned) 0x00006271   Thumb Code    52  filebase.o(i._ZN4mbed8FileBase6lookupEPKcj)
    mbed::FileBase::FileBase(const char*, mbed::PathType) 0x000062a9   Thumb Code    32  filebase.o(i._ZN4mbed8FileBaseC1EPKcNS_8PathTypeE)
    mbed::FileBase::FileBase__sub_object(const char*, mbed::PathType) 0x000062a9   Thumb Code     0  filebase.o(i._ZN4mbed8FileBaseC1EPKcNS_8PathTypeE)
    mbed::FileLike::FileLike__sub_object(const char*) 0x000062d1   Thumb Code    34  filelike.o(i._ZN4mbed8FileLikeC2EPKc)
    mbed::FilePath::fileSystem()             0x000062fd   Thumb Code    20  filepath.o(i._ZN4mbed8FilePath10fileSystemEv)
    mbed::FilePath::isFileSystem()           0x00006311   Thumb Code    28  filepath.o(i._ZN4mbed8FilePath12isFileSystemEv)
    mbed::FilePath::file()                   0x0000632d   Thumb Code    30  filepath.o(i._ZN4mbed8FilePath4fileEv)
    mbed::FilePath::exists()                 0x0000634b   Thumb Code    14  filepath.o(i._ZN4mbed8FilePath6existsEv)
    mbed::FilePath::isFile()                 0x00006359   Thumb Code    28  filepath.o(i._ZN4mbed8FilePath6isFileEv)
    mbed::FilePath::fileName()               0x00006375   Thumb Code     6  filepath.o(i._ZN4mbed8FilePath8fileNameEv)
    mbed::FilePath::FilePath(const char*)    0x0000637b   Thumb Code    86  filepath.o(i._ZN4mbed8FilePathC1EPKc)
    mbed::FilePath::FilePath__sub_object(const char*) 0x0000637b   Thumb Code     0  filepath.o(i._ZN4mbed8FilePathC1EPKc)
    mbed::DigitalIn::DigitalIn(PinName)      0x000063d1   Thumb Code    26  controls.o(i._ZN4mbed9DigitalInC1E7PinName)
    mbed::DigitalIn::DigitalIn__sub_object(PinName) 0x000063d1   Thumb Code     0  controls.o(i._ZN4mbed9DigitalInC1E7PinName)
    GFXFb::fillScreen(unsigned short)        0x000063eb   Thumb Code    38  gfxfb.o(i._ZN5GFXFb10fillScreenEt)
    GFXFb::drawFastHLine(short, short, short, unsigned short) 0x00006411   Thumb Code    98  gfxfb.o(i._ZN5GFXFb13drawFastHLineEssst)
    GFXFb::drawFastVLine(short, short, short, unsigned short) 0x00006473   Thumb Code   104  gfxfb.o(i._ZN5GFXFb13drawFastVLineEssst)
    GFXFb::drawPixel(short, short, unsigned short) 0x000064db   Thumb Code    70  gfxfb.o(i._ZN5GFXFb9drawPixelEsst)
    GFXFb::GFXFb(unsigned short, unsigned short, unsigned short*) 0x00006521   Thumb Code    36  gfxfb.o(i._ZN5GFXFbC1EttPt)
    GFXFb::GFXFb__sub_object(unsigned short, unsigned short, unsigned short*) 0x00006521   Thumb Code     0  gfxfb.o(i._ZN5GFXFbC1EttPt)
    Display::theDisplay()                    0x00006549   Thumb Code    50  display.o(i._ZN7Display10theDisplayEv)
    Display::_putc(int)                      0x00006585   Thumb Code    20  display.o(i._ZN7Display5_putcEi)
    Display::Display()                       0x00006599   Thumb Code   272  display.o(i._ZN7DisplayC1Ev)
    Display::Display__sub_object()           0x00006599   Thumb Code     0  display.o(i._ZN7DisplayC1Ev)
    std::cos(float)                          0x000066e9   Thumb Code    24  physics.o(i._ZSt3cosf)
    std::sin(float)                          0x00006701   Thumb Code    24  physics.o(i._ZSt3sinf)
    operator new(unsigned)                   0x00006719   Thumb Code    34  new.o(i._Znwj)
    __ARM_fpclassify                         0x00006741   Thumb Code    48  fpclassify.o(i.__ARM_fpclassify)
    __ARM_fpclassifyf                        0x00006771   Thumb Code    38  fpclassifyf.o(i.__ARM_fpclassifyf)
    __cxa_guard_acquire                      0x00006797   Thumb Code    16  cxa_guard_acquire.o(i.__cxa_guard_acquire)
    __cxa_pure_virtual                       0x000067a7   Thumb Code     6  pure_virt.o(i.__cxa_pure_virtual)
    __hardfp_cosf                            0x000067ad   Thumb Code   280  cosf.o(i.__hardfp_cosf)
    __hardfp_sinf                            0x000068fd   Thumb Code   344  sinf.o(i.__hardfp_sinf)
    __mathlib_flt_infnan                     0x00006a8d   Thumb Code     6  funder.o(i.__mathlib_flt_infnan)
    __mathlib_flt_invalid                    0x00006a95   Thumb Code    10  funder.o(i.__mathlib_flt_invalid)
    __mathlib_flt_underflow                  0x00006aa5   Thumb Code    10  funder.o(i.__mathlib_flt_underflow)
    __mathlib_rredf2                         0x00006ab5   Thumb Code   316  rredf.o(i.__mathlib_rredf2)
    __reserved_stack_size                    0x00006c09   Thumb Code     6  sdram.o(i.__reserved_stack_size)
    __rt_heap_extend                         0x00006c11   Thumb Code    54  sdram.o(i.__rt_heap_extend)
    __user_setup_stackheap                   0x00006cf9   Thumb Code    42  sys.o(i.__user_setup_stackheap)
    _is_digit                                0x00006d83   Thumb Code    14  __printf_wp.o(i._is_digit)
    _sys_close                               0x00006d91   Thumb Code    44  retarget.o(i._sys_close)
    _sys_flen                                0x00006dc1   Thumb Code    38  retarget.o(i._sys_flen)
    _sys_istty                               0x00006ded   Thumb Code    38  retarget.o(i._sys_istty)
    _sys_open                                0x00006e19   Thumb Code   284  retarget.o(i._sys_open)
    _sys_seek                                0x00006f49   Thumb Code    44  retarget.o(i._sys_seek)
    _sys_write                               0x00006f79   Thumb Code    88  retarget.o(i._sys_write)
    error                                    0x00006fdd   Thumb Code    28  error.o(i.error)
    exit                                     0x00006ffd   Thumb Code    24  retarget.o(i.exit)
    fpu_init                                 0x0000701d   Thumb Code    62  system_lpc407x_8x_177x_8x.o(i.fpu_init)
    fputc                                    0x0000706d   Thumb Code    26  fputc.o(i.fputc)
    get_us_ticker_data                       0x00007089   Thumb Code     4  us_ticker_api.o(i.get_us_ticker_data)
    gpio_dir                                 0x00007091   Thumb Code    68  gpio_api.o(i.gpio_dir)
    gpio_init                                0x00007121   Thumb Code    50  gpio_api.o(i.gpio_init)
    gpio_init_in                             0x00007159   Thumb Code    18  gpio.o(i.gpio_init_in)
    gpio_init_in_ex                          0x0000716b   Thumb Code    20  gpio.o(i.gpio_init_in_ex)
    gpio_init_out                            0x0000717f   Thumb Code    18  gpio.o(i.gpio_init_out)
    gpio_init_out_ex                         0x00007191   Thumb Code    22  gpio.o(i.gpio_init_out_ex)
    gpio_mode                                0x000071a7   Thumb Code    18  gpio_api.o(i.gpio_mode)
    gpio_set                                 0x000071b9   Thumb Code    40  gpio_api.o(i.gpio_set)
    i2c_frequency                            0x000073cd   Thumb Code    22  i2c_api.o(i.i2c_frequency)
    i2c_init                                 0x000073e9   Thumb Code   218  i2c_api.o(i.i2c_init)
    i2c_read                                 0x0000752d   Thumb Code   176  i2c_api.o(i.i2c_read)
    i2c_start                                0x000075dd   Thumb Code    72  i2c_api.o(i.i2c_start)
    i2c_stop                                 0x0000762d   Thumb Code    58  i2c_api.o(i.i2c_stop)
    i2c_write                                0x00007695   Thumb Code   130  i2c_api.o(i.i2c_write)
    $Super$$main                             0x00007719   Thumb Code   184  all.o(i.main)
    mbed_assert_internal                     0x00007809   Thumb Code    22  assert.o(i.mbed_assert_internal)
    mbed_die                                 0x00007855   Thumb Code   116  board.o(i.mbed_die)
    mbed_main                                0x000078c9   Thumb Code     2  retarget.o(i.mbed_main)
    mbed_sdk_init                            0x000078cb   Thumb Code     2  retarget.o(i.mbed_sdk_init)
    pin_function                             0x000078cd   Thumb Code    42  pinmap.o(i.pin_function)
    pin_mode                                 0x00007941   Thumb Code    66  pinmap.o(i.pin_mode)
    pinmap_find_peripheral                   0x000079cd   Thumb Code    32  pinmap_common.o(i.pinmap_find_peripheral)
    pinmap_merge                             0x000079ed   Thumb Code    42  pinmap_common.o(i.pinmap_merge)
    pinmap_peripheral                        0x00007a2d   Thumb Code    44  pinmap_common.o(i.pinmap_peripheral)
    pinmap_pinout                            0x00007a79   Thumb Code    62  pinmap_common.o(i.pinmap_pinout)
    pwmout_init                              0x00007acd   Thumb Code   184  pwmout_api.o(i.pwmout_init)
    pwmout_period_ms                         0x00007bc1   Thumb Code    22  pwmout_api.o(i.pwmout_period_ms)
    pwmout_period_us                         0x00007bd9   Thumb Code    64  pwmout_api.o(i.pwmout_period_us)
    pwmout_write                             0x00007c1d   Thumb Code   100  pwmout_api.o(i.pwmout_write)
    serial_baud                              0x00007c85   Thumb Code   320  serial_api.o(i.serial_baud)
    serial_format                            0x00007dc9   Thumb Code   168  serial_api.o(i.serial_format)
    serial_init                              0x00007ec5   Thumb Code   378  serial_api.o(i.serial_init)
    serial_putc                              0x00008071   Thumb Code    24  serial_api.o(i.serial_putc)
    serial_writable                          0x00008089   Thumb Code    12  serial_api.o(i.serial_writable)
    ticker_insert_event                      0x00008095   Thumb Code    80  ticker_api.o(i.ticker_insert_event)
    ticker_irq_handler                       0x000080e5   Thumb Code    90  ticker_api.o(i.ticker_irq_handler)
    ticker_read                              0x0000813f   Thumb Code    12  ticker_api.o(i.ticker_read)
    ticker_remove_event                      0x0000814b   Thumb Code    82  ticker_api.o(i.ticker_remove_event)
    ticker_set_handler                       0x0000819d   Thumb Code    18  ticker_api.o(i.ticker_set_handler)
    us_ticker_clear_interrupt                0x000081b1   Thumb Code     8  us_ticker.o(i.us_ticker_clear_interrupt)
    us_ticker_disable_interrupt              0x000081bd   Thumb Code    14  us_ticker.o(i.us_ticker_disable_interrupt)
    us_ticker_init                           0x000081d1   Thumb Code    92  us_ticker.o(i.us_ticker_init)
    us_ticker_irq_handler                    0x00008245   Thumb Code    10  us_ticker_api.o(i.us_ticker_irq_handler)
    us_ticker_read                           0x00008255   Thumb Code    18  us_ticker.o(i.us_ticker_read)
    us_ticker_set_interrupt                  0x00008271   Thumb Code    16  us_ticker.o(i.us_ticker_set_interrupt)
    wait                                     0x00008285   Thumb Code    36  wait_api.o(i.wait)
    wait_ms                                  0x000082ad   Thumb Code    18  wait_api.o(i.wait_ms)
    wait_us                                  0x000082bf   Thumb Code    24  wait_api.o(i.wait_us)
    _get_lc_numeric                          0x000082d9   Thumb Code    44  lc_numeric_c.o(locale$$code)
    _get_lc_ctype                            0x00008305   Thumb Code    44  lc_ctype_c.o(locale$$code)
    mbed::FunctionPointerArg1<void, void>::attach(void(*)()) 0x00008331   Thumb Code     8  all.o(t._ZN4mbed19FunctionPointerArg1IvvE6attachEPFvvE)
    __aeabi_d2f                              0x00008339   Thumb Code     0  d2f.o(x$fpl$d2f)
    _d2f                                     0x00008339   Thumb Code    98  d2f.o(x$fpl$d2f)
    __aeabi_dadd                             0x0000839d   Thumb Code     0  daddsub_clz.o(x$fpl$dadd)
    _dadd                                    0x0000839d   Thumb Code   332  daddsub_clz.o(x$fpl$dadd)
    __fpl_dcmp_Inf                           0x000084ed   Thumb Code    24  dcmpi.o(x$fpl$dcmpinf)
    __aeabi_ddiv                             0x00008505   Thumb Code     0  ddiv.o(x$fpl$ddiv)
    _ddiv                                    0x00008505   Thumb Code   552  ddiv.o(x$fpl$ddiv)
    __aeabi_d2iz                             0x000087b5   Thumb Code     0  dfix.o(x$fpl$dfix)
    _dfix                                    0x000087b5   Thumb Code    94  dfix.o(x$fpl$dfix)
    __aeabi_cdcmple                          0x00008815   Thumb Code     0  dleqf.o(x$fpl$dleqf)
    _dcmple                                  0x00008815   Thumb Code   120  dleqf.o(x$fpl$dleqf)
    __fpl_dcmple_InfNaN                      0x00008877   Thumb Code     0  dleqf.o(x$fpl$dleqf)
    __aeabi_dmul                             0x0000888d   Thumb Code     0  dmul.o(x$fpl$dmul)
    _dmul                                    0x0000888d   Thumb Code   332  dmul.o(x$fpl$dmul)
    __fpl_dnaninf                            0x000089e1   Thumb Code   156  dnaninf.o(x$fpl$dnaninf)
    __fpl_dretinf                            0x00008a7d   Thumb Code    12  dretinf.o(x$fpl$dretinf)
    __aeabi_cdrcmple                         0x00008a89   Thumb Code     0  drleqf.o(x$fpl$drleqf)
    _drcmple                                 0x00008a89   Thumb Code   108  drleqf.o(x$fpl$drleqf)
    __aeabi_dsub                             0x00008af5   Thumb Code     0  daddsub_clz.o(x$fpl$dsub)
    _dsub                                    0x00008af5   Thumb Code   464  daddsub_clz.o(x$fpl$dsub)
    __aeabi_f2d                              0x00008cc9   Thumb Code     0  f2d.o(x$fpl$f2d)
    _f2d                                     0x00008cc9   Thumb Code    86  f2d.o(x$fpl$f2d)
    __fpl_fnaninf                            0x00008d1f   Thumb Code   140  fnaninf.o(x$fpl$fnaninf)
    _fp_init                                 0x00008dab   Thumb Code    10  fpinit.o(x$fpl$fpinit)
    __fplib_config_fpu_vfp                   0x00008db3   Thumb Code     0  fpinit.o(x$fpl$fpinit)
    __fplib_config_pureend_doubles           0x00008db3   Thumb Code     0  fpinit.o(x$fpl$fpinit)
    __fpl_fretinf                            0x00008db5   Thumb Code    10  fretinf.o(x$fpl$fretinf)
    _printf_fp_dec                           0x00008dbf   Thumb Code     4  printf1.o(x$fpl$printf1)
    _printf_fp_hex                           0x00008dc3   Thumb Code     4  printf2.o(x$fpl$printf2)
    __I$use$fp                               0x00008dc6   Number         0  usenofp.o(x$fpl$usenofp)
    __stdin_name                             0x000092e0   Data           7  retarget.o(.constdata)
    __stdout_name                            0x000092e7   Data           8  retarget.o(.constdata)
    __stderr_name                            0x000092ef   Data           8  retarget.o(.constdata)
    vtable for EaLcdBoard                    0x000097fc   Data          28  ealcdboard.o(.constdata__ZTV10EaLcdBoard)
    vtable for Adafruit_GFX                  0x00009818   Data          44  adafruit_gfx.o(.constdata__ZTV12Adafruit_GFX)
    vtable for EaLcdBoardGPIO                0x00009844   Data          28  ealcdboardgpio.o(.constdata__ZTV14EaLcdBoardGPIO)
    vtable for GFXFb                         0x00009860   Data          44  gfxfb.o(.constdata__ZTV5GFXFb)
    vtable for Display                       0x0000988c   Data         112  display.o(.constdata__ZTV7Display)
    vtable for mbed::FileHandle              0x000098fc   Data          44  retarget.o(.constdata__ZTVN4mbed10FileHandleE)
    vtable for mbed::TimerEvent              0x00009928   Data          20  timerevent.o(.constdata__ZTVN4mbed10TimerEventE)
    vtable for mbed::Stream                  0x0000993c   Data          68  stream.o(.constdata__ZTVN4mbed6StreamE)
    vtable for mbed::Ticker                  0x00009980   Data          20  ticker.o(.constdata__ZTVN4mbed6TickerE)
    vtable for mbed::FileBase                0x00009994   Data          16  filebase.o(.constdata__ZTVN4mbed8FileBaseE)
    vtable for mbed::FileLike                0x000099a4   Data          60  filelike.o(.constdata__ZTVN4mbed8FileLikeE)
    Region$$Table$$Base                      0x00009b34   Number         0  anon$$obj.o(Region$$Table)
    Region$$Table$$Limit                     0x00009b54   Number         0  anon$$obj.o(Region$$Table)
    __ctype                                  0x00009b7d   Data           0  lc_ctype_c.o(locale$$data)
    SHT$$INIT_ARRAY$$Base                    0x00009c80   Number         0  all.o(.init_array)
    SHT$$INIT_ARRAY$$Limit                   0x00009c8c   Number         0  init_aeabi.o(.init_array)
    originX                                  0x100000f0   Data           4  physics.o(.data)
    originY                                  0x100000f4   Data           4  physics.o(.data)
    headingAngle                             0x100000f8   Data           4  physics.o(.data)
    headingAngleRadians                      0x100000fc   Data           4  physics.o(.data)
    pointX                                   0x10000100   Data           4  physics.o(.data)
    pointY                                   0x10000104   Data           4  physics.o(.data)
    leftX                                    0x10000108   Data           4  physics.o(.data)
    leftY                                    0x1000010c   Data           4  physics.o(.data)
    rightX                                   0x10000110   Data           4  physics.o(.data)
    rightY                                   0x10000114   Data           4  physics.o(.data)
    score                                    0x10000118   Data           8  physics.o(.data)
    lives                                    0x10000120   Data           4  physics.o(.data)
    speed                                    0x10000128   Data           8  physics.o(.data)
    shieldhealth                             0x10000130   Data           4  physics.o(.data)
    totalscore                               0x10000134   Data           4  physics.o(.data)
    accel                                    0x10000138   Data           8  physics.o(.data)
    timealive                                0x10000140   Data           4  physics.o(.data)
    totaltimealive                           0x10000144   Data           4  physics.o(.data)
    invincibility                            0x10000148   Data           4  physics.o(.data)
    active                                   0x1000014c   Data           4  physics.o(.data)
    asteroidactive                           0x10000150   Data           4  physics.o(.data)
    lcd                                      0x10000154   Data           4  drawing.o(.data)
    SystemCoreClock                          0x10000158   Data           4  system_lpc407x_8x_177x_8x.o(.data)
    PeripheralClock                          0x1000015c   Data           4  system_lpc407x_8x_177x_8x.o(.data)
    EMCClock                                 0x10000160   Data           4  system_lpc407x_8x_177x_8x.o(.data)
    USBClock                                 0x10000164   Data           4  system_lpc407x_8x_177x_8x.o(.data)
    mbed::FileBase::_head                    0x10000188   Data           4  filebase.o(.data)
    mbed::I2C::_owner                        0x1000018c   Data           4  i2c.o(.data)
    us_ticker_inited                         0x10000190   Data           4  us_ticker.o(.data)
    stdio_uart_inited                        0x1000019c   Data           4  serial_api.o(.data)
    stdio_uart                               0x100001a0   Data           8  serial_api.o(.data)
    LcdController::_lcdControllerUsed        0x100001a8   Data           1  lcdcontroller.o(.data)
    __aeabi_stdin                            0x100001ac   Data           4  stdio_streams.o(.data)
    __aeabi_stdout                           0x100001b0   Data           4  stdio_streams.o(.data)
    __aeabi_stderr                           0x100001b4   Data           4  stdio_streams.o(.data)
    drawing                                  0x100001b8   Data          48  all.o(.bss)
    model                                    0x100001e8   Data          48  all.o(.bss)
    controller                               0x10000218   Data          48  all.o(.bss)
    asteroids                                0x10000248   Data          48  all.o(.bss)
    buttons                                  0x10000278   Data         120  controls.o(.bss)
    __stdin                                  0x10000880   Data          84  stdio_streams.o(.bss)
    __stdout                                 0x100008d4   Data          84  stdio_streams.o(.bss)
    __stderr                                 0x10000928   Data          84  stdio_streams.o(.bss)
    _random_number_data                      0x1000097c   Data         228  rand.o(.bss)
    Image$$RW_IRAM1$$ZI$$Limit               0x10000a88   Number         0  anon$$obj.o ABSOLUTE



==============================================================================

Memory Map of the image

  Image Entry point : 0x000000e5

  Load Region LR_IROM1 (Base: 0x00000000, Size: 0x00009d5c, Max: 0x00080000, ABSOLUTE)

    Execution Region ER_IROM1 (Base: 0x00000000, Size: 0x00009c8c, Max: 0x00080000, ABSOLUTE)

    Base Addr    Size         Type   Attr      Idx    E Section Name        Object

    0x00000000   0x000000e4   Data   RO          780    RESET               startup_lpc407x_8x_177x_8x.o
    0x000000e4   0x00000008   Code   RO         4392  * !!!main             c_w.l(__main.o)
    0x000000ec   0x00000034   Code   RO         5179    !!!scatter          c_w.l(__scatter.o)
    0x00000120   0x0000001a   Code   RO         5181    !!handler_copy      c_w.l(__scatter_copy.o)
    0x0000013a   0x00000002   PAD
    0x0000013c   0x0000001c   Code   RO         5183    !!handler_zi        c_w.l(__scatter_zi.o)
    0x00000158   0x00000000   Code   RO         4324    .ARM.Collect$$_printf_percent$$00000000  c_w.l(_printf_percent.o)
    0x00000158   0x00000006   Code   RO         4641    .ARM.Collect$$_printf_percent$$00000001  c_w.l(_printf_n.o)
    0x0000015e   0x00000006   Code   RO         4323    .ARM.Collect$$_printf_percent$$00000002  c_w.l(_printf_p.o)
    0x00000164   0x00000006   Code   RO         4647    .ARM.Collect$$_printf_percent$$00000003  c_w.l(_printf_f.o)
    0x0000016a   0x00000006   Code   RO         4648    .ARM.Collect$$_printf_percent$$00000004  c_w.l(_printf_e.o)
    0x00000170   0x00000006   Code   RO         4649    .ARM.Collect$$_printf_percent$$00000005  c_w.l(_printf_g.o)
    0x00000176   0x00000006   Code   RO         4650    .ARM.Collect$$_printf_percent$$00000006  c_w.l(_printf_a.o)
    0x0000017c   0x0000000a   Code   RO         4655    .ARM.Collect$$_printf_percent$$00000007  c_w.l(_printf_ll.o)
    0x00000186   0x00000006   Code   RO         4644    .ARM.Collect$$_printf_percent$$00000008  c_w.l(_printf_i.o)
    0x0000018c   0x00000006   Code   RO         4645    .ARM.Collect$$_printf_percent$$00000009  c_w.l(_printf_d.o)
    0x00000192   0x00000006   Code   RO         4646    .ARM.Collect$$_printf_percent$$0000000A  c_w.l(_printf_u.o)
    0x00000198   0x00000006   Code   RO         4643    .ARM.Collect$$_printf_percent$$0000000B  c_w.l(_printf_o.o)
    0x0000019e   0x00000006   Code   RO         4642    .ARM.Collect$$_printf_percent$$0000000C  c_w.l(_printf_x.o)
    0x000001a4   0x00000006   Code   RO         4652    .ARM.Collect$$_printf_percent$$0000000D  c_w.l(_printf_lli.o)
    0x000001aa   0x00000006   Code   RO         4653    .ARM.Collect$$_printf_percent$$0000000E  c_w.l(_printf_lld.o)
    0x000001b0   0x00000006   Code   RO         4654    .ARM.Collect$$_printf_percent$$0000000F  c_w.l(_printf_llu.o)
    0x000001b6   0x00000006   Code   RO         4659    .ARM.Collect$$_printf_percent$$00000010  c_w.l(_printf_llo.o)
    0x000001bc   0x00000006   Code   RO         4660    .ARM.Collect$$_printf_percent$$00000011  c_w.l(_printf_llx.o)
    0x000001c2   0x0000000a   Code   RO         4656    .ARM.Collect$$_printf_percent$$00000012  c_w.l(_printf_l.o)
    0x000001cc   0x00000006   Code   RO         4639    .ARM.Collect$$_printf_percent$$00000013  c_w.l(_printf_c.o)
    0x000001d2   0x00000006   Code   RO         4640    .ARM.Collect$$_printf_percent$$00000014  c_w.l(_printf_s.o)
    0x000001d8   0x00000006   Code   RO         4657    .ARM.Collect$$_printf_percent$$00000015  c_w.l(_printf_lc.o)
    0x000001de   0x00000006   Code   RO         4658    .ARM.Collect$$_printf_percent$$00000016  c_w.l(_printf_ls.o)
    0x000001e4   0x00000004   Code   RO         4651    .ARM.Collect$$_printf_percent$$00000017  c_w.l(_printf_percent_end.o)
    0x000001e8   0x00000002   Code   RO         5057    .ARM.Collect$$libinit$$00000000  c_w.l(libinit.o)
    0x000001ea   0x00000004   Code   RO         4711    .ARM.Collect$$libinit$$00000001  c_w.l(libinit2.o)
    0x000001ee   0x00000000   Code   RO         4714    .ARM.Collect$$libinit$$00000004  c_w.l(libinit2.o)
    0x000001ee   0x00000008   Code   RO         4715    .ARM.Collect$$libinit$$00000005  c_w.l(libinit2.o)
    0x000001f6   0x00000000   Code   RO         4717    .ARM.Collect$$libinit$$0000000A  c_w.l(libinit2.o)
    0x000001f6   0x00000000   Code   RO         4719    .ARM.Collect$$libinit$$0000000C  c_w.l(libinit2.o)
    0x000001f6   0x00000004   Code   RO         4720    .ARM.Collect$$libinit$$0000000D  c_w.l(libinit2.o)
    0x000001fa   0x00000000   Code   RO         4721    .ARM.Collect$$libinit$$0000000E  c_w.l(libinit2.o)
    0x000001fa   0x00000006   Code   RO         4722    .ARM.Collect$$libinit$$0000000F  c_w.l(libinit2.o)
    0x00000200   0x00000000   Code   RO         4724    .ARM.Collect$$libinit$$00000011  c_w.l(libinit2.o)
    0x00000200   0x0000000c   Code   RO         4725    .ARM.Collect$$libinit$$00000012  c_w.l(libinit2.o)
    0x0000020c   0x00000000   Code   RO         4726    .ARM.Collect$$libinit$$00000013  c_w.l(libinit2.o)
    0x0000020c   0x00000000   Code   RO         4728    .ARM.Collect$$libinit$$00000015  c_w.l(libinit2.o)
    0x0000020c   0x0000000a   Code   RO         4729    .ARM.Collect$$libinit$$00000016  c_w.l(libinit2.o)
    0x00000216   0x00000000   Code   RO         4730    .ARM.Collect$$libinit$$00000017  c_w.l(libinit2.o)
    0x00000216   0x00000000   Code   RO         4732    .ARM.Collect$$libinit$$00000019  c_w.l(libinit2.o)
    0x00000216   0x00000000   Code   RO         4734    .ARM.Collect$$libinit$$0000001B  c_w.l(libinit2.o)
    0x00000216   0x00000000   Code   RO         4736    .ARM.Collect$$libinit$$0000001D  c_w.l(libinit2.o)
    0x00000216   0x00000000   Code   RO         4738    .ARM.Collect$$libinit$$0000001F  c_w.l(libinit2.o)
    0x00000216   0x00000000   Code   RO         4740    .ARM.Collect$$libinit$$00000021  c_w.l(libinit2.o)
    0x00000216   0x00000000   Code   RO         4742    .ARM.Collect$$libinit$$00000023  c_w.l(libinit2.o)
    0x00000216   0x00000004   Code   RO         4743    .ARM.Collect$$libinit$$00000024  c_w.l(libinit2.o)
    0x0000021a   0x00000000   Code   RO         4744    .ARM.Collect$$libinit$$00000025  c_w.l(libinit2.o)
    0x0000021a   0x00000000   Code   RO         4748    .ARM.Collect$$libinit$$0000002C  c_w.l(libinit2.o)
    0x0000021a   0x00000000   Code   RO         4750    .ARM.Collect$$libinit$$0000002E  c_w.l(libinit2.o)
    0x0000021a   0x00000000   Code   RO         4752    .ARM.Collect$$libinit$$00000030  c_w.l(libinit2.o)
    0x0000021a   0x00000004   Code   RO         4753    .ARM.Collect$$libinit$$00000031  c_w.l(libinit2.o)
    0x0000021e   0x00000000   Code   RO         4754    .ARM.Collect$$libinit$$00000032  c_w.l(libinit2.o)
    0x0000021e   0x00000002   Code   RO         4755    .ARM.Collect$$libinit$$00000033  c_w.l(libinit2.o)
    0x00000220   0x00000000   Code   RO         4944    .ARM.Collect$$libshutdown$$00000002  c_w.l(libshutdown2.o)
    0x00000220   0x00000000   Code   RO         4946    .ARM.Collect$$libshutdown$$00000004  c_w.l(libshutdown2.o)
    0x00000220   0x00000000   Code   RO         4572    .ARM.Collect$$rtentry$$00000000  c_w.l(__rtentry.o)
    0x00000220   0x00000000   Code   RO         4836    .ARM.Collect$$rtentry$$00000002  c_w.l(__rtentry2.o)
    0x00000220   0x00000006   Code   RO         4848    .ARM.Collect$$rtentry$$00000004  c_w.l(__rtentry4.o)
    0x00000226   0x00000000   Code   RO         4838    .ARM.Collect$$rtentry$$00000009  c_w.l(__rtentry2.o)
    0x00000226   0x00000004   Code   RO         4839    .ARM.Collect$$rtentry$$0000000A  c_w.l(__rtentry2.o)
    0x0000022a   0x00000000   Code   RO         4841    .ARM.Collect$$rtentry$$0000000C  c_w.l(__rtentry2.o)
    0x0000022a   0x00000008   Code   RO         4842    .ARM.Collect$$rtentry$$0000000D  c_w.l(__rtentry2.o)
    0x00000232   0x00000002   PAD
    0x00000234   0x00000034   Code   RO         4367    .emb_text           c_w.l(rand.o)
    0x00000268   0x00000000   Code   RO         4859    .emb_text           c_w.l(maybetermalloc1.o)
    0x00000268   0x00000024   Code   RO          782    .text               startup_lpc407x_8x_177x_8x.o
    0x0000028c   0x0000005e   Code   RO         4214    .text               c_w.l(h1_alloc.o)
    0x000002ea   0x0000000a   Code   RO         4272    .text               c_w.l(vfprintf.o)
    0x000002f4   0x00000008   Code   RO         4573    .text               c_w.l(rt_heap_descriptor.o)
    0x000002fc   0x00000004   Code   RO          781    .ARM.__at_0x02FC    startup_lpc407x_8x_177x_8x.o
    0x00000300   0x0000004e   Code   RO         4216    .text               c_w.l(h1_free.o)
    0x0000034e   0x0000000a   Code   RO         4274    .text               c_w.l(c89vfprintf.o)
    0x00000358   0x0000002c   Code   RO         4276    .text               c_w.l(__2sprintf.o)
    0x00000384   0x00000094   Code   RO         4300    .text               c_w.l(_printf_hex_int_ll_ptr.o)
    0x00000418   0x00000188   Code   RO         4320    .text               c_w.l(__printf_flags_ss_wp.o)
    0x000005a0   0x0000003c   Code   RO         4327    .text               c_w.l(__0sscanf.o)
    0x000005dc   0x0000014c   Code   RO         4329    .text               c_w.l(_scanf_int.o)
    0x00000728   0x00000064   Code   RO         4331    .text               c_w.l(fflush.o)
    0x0000078c   0x000000ec   Code   RO         4345    .text               c_w.l(fopen.o)
    0x00000878   0x00000014   Code   RO         4347    .text               c_w.l(setbuf.o)
    0x0000088c   0x0000004c   Code   RO         4355    .text               c_w.l(fclose.o)
    0x000008d8   0x0000003c   Code   RO         4368    .text               c_w.l(rand.o)
    0x00000914   0x0000002e   Code   RO         4375    .text               c_w.l(aeabi_atexit.o)
    0x00000942   0x0000003e   Code   RO         4378    .text               c_w.l(strlen.o)
    0x00000980   0x00000096   Code   RO         4380    .text               c_w.l(strncmp.o)
    0x00000a16   0x00000044   Code   RO         4384    .text               c_w.l(rt_memclr.o)
    0x00000a5a   0x0000004e   Code   RO         4386    .text               c_w.l(rt_memclr_w.o)
    0x00000aa8   0x00000080   Code   RO         4390    .text               c_w.l(strcmpv7m.o)
    0x00000b28   0x00000024   Code   RO         4397    .text               c_w.l(init_aeabi.o)
    0x00000b4c   0x00000008   Code   RO         4578    .text               c_w.l(rt_new_handler_addr.o)
    0x00000b54   0x00000008   Code   RO         4583    .text               c_w.l(rt_ddtor_pointer_addr.o)
    0x00000b5c   0x00000004   Code   RO         4588    .text               c_w.l(hguard.o)
    0x00000b60   0x0000008a   Code   RO         4590    .text               c_w.l(init_alloc.o)
    0x00000bea   0x0000000e   Code   RO         4594    .text               c_w.l(h1_init.o)
    0x00000bf8   0x00000016   Code   RO         4608    .text               c_w.l(_rserrno.o)
    0x00000c0e   0x0000004e   Code   RO         4610    .text               c_w.l(_printf_pad.o)
    0x00000c5c   0x00000024   Code   RO         4612    .text               c_w.l(_printf_truncate.o)
    0x00000c80   0x00000052   Code   RO         4614    .text               c_w.l(_printf_str.o)
    0x00000cd2   0x000000b2   Code   RO         4616    .text               c_w.l(_printf_intcommon.o)
    0x00000d84   0x00000078   Code   RO         4618    .text               c_w.l(_printf_dec.o)
    0x00000dfc   0x00000028   Code   RO         4620    .text               c_w.l(_printf_charcount.o)
    0x00000e24   0x00000030   Code   RO         4622    .text               c_w.l(_printf_char_common.o)
    0x00000e54   0x0000000a   Code   RO         4624    .text               c_w.l(_sputc.o)
    0x00000e5e   0x00000002   PAD
    0x00000e60   0x00000024   Code   RO         4626    .text               c_w.l(_printf_char_file.o)
    0x00000e84   0x000000bc   Code   RO         4628    .text               c_w.l(_printf_wctomb.o)
    0x00000f40   0x0000007c   Code   RO         4631    .text               c_w.l(_printf_longlong_dec.o)
    0x00000fbc   0x00000070   Code   RO         4637    .text               c_w.l(_printf_oct_int_ll.o)
    0x0000102c   0x0000001c   Code   RO         4661    .text               c_w.l(_chval.o)
    0x00001048   0x0000002c   Code   RO         4667    .text               c_w.l(scanf_char.o)
    0x00001074   0x00000040   Code   RO         4669    .text               c_w.l(_sgetc.o)
    0x000010b4   0x00000008   Code   RO         4679    .text               c_w.l(ferror.o)
    0x000010bc   0x000001d6   Code   RO         4683    .text               c_w.l(flsbuf.o)
    0x00001292   0x00000002   PAD
    0x00001294   0x000000f8   Code   RO         4685    .text               c_w.l(fseek.o)
    0x0000138c   0x00000046   Code   RO         4687    .text               c_w.l(setvbuf.o)
    0x000013d2   0x00000002   PAD
    0x000013d4   0x000000f0   Code   RO         4689    .text               c_w.l(stdio.o)
    0x000014c4   0x00000138   Code   RO         4692    .text               c_w.l(initio.o)
    0x000015fc   0x00000042   Code   RO         4700    .text               c_w.l(cxa_finalize.o)
    0x0000163e   0x0000000e   Code   RO         4703    .text               c_w.l(defsig_pvfn_outer.o)
    0x0000164c   0x00000004   Code   RO         4763    .text               cpprt_w.l(arm_newhandler_noexceptions.o)
    0x00001650   0x00000008   Code   RO         4852    .text               c_w.l(rt_errno_addr.o)
    0x00001658   0x00000034   Code   RO         4861    .text               c_w.l(h1_extend.o)
    0x0000168c   0x0000008a   Code   RO         4865    .text               c_w.l(lludiv10.o)
    0x00001716   0x00000012   Code   RO         4867    .text               c_w.l(isspace.o)
    0x00001728   0x0000041a   Code   RO         4869    .text               c_w.l(_printf_fp_dec.o)
    0x00001b42   0x00000002   PAD
    0x00001b44   0x000002fc   Code   RO         4871    .text               c_w.l(_printf_fp_hex.o)
    0x00001e40   0x0000002c   Code   RO         4876    .text               c_w.l(_printf_char.o)
    0x00001e6c   0x0000002c   Code   RO         4880    .text               c_w.l(_printf_wchar.o)
    0x00001e98   0x00000374   Code   RO         4882    .text               c_w.l(_scanf.o)
    0x0000220c   0x00000042   Code   RO         4892    .text               c_w.l(ftell.o)
    0x0000224e   0x00000040   Code   RO         4918    .text               c_w.l(_wcrtomb.o)
    0x0000228e   0x0000000a   Code   RO         4920    .text               c_w.l(defsig_exit.o)
    0x00002298   0x0000000e   Code   RO         4922    .text               c_w.l(defsig_rtred_outer.o)
    0x000022a6   0x0000000e   Code   RO         4926    .text               c_w.l(defsig_rtmem_outer.o)
    0x000022b4   0x00000030   Code   RO         4930    .text               c_w.l(defsig_pvfn_inner.o)
    0x000022e4   0x00000008   Code   RO         4939    .text               c_w.l(heapauxmm.o)
    0x000022ec   0x0000001a   Code   RO         4979    .text               cpprt_w.l(arm_exceptions_terminate.o)
    0x00002306   0x00000002   PAD
    0x00002308   0x00000050   Code   RO         4982    .text               cpprt_w.l(arm_exceptions_globs.o)
    0x00002358   0x0000000c   Code   RO         4990    .text               c_w.l(sys_exit.o)
    0x00002364   0x00000010   Code   RO         4992    .text               c_w.l(rt_ctype_table.o)
    0x00002374   0x00000008   Code   RO         4994    .text               c_w.l(rt_locale.o)
    0x0000237c   0x00000008   Code   RO         4999    .text               c_w.l(rt_eh_globals_addr.o)
    0x00002384   0x00000080   Code   RO         5006    .text               c_w.l(_printf_fp_infnan.o)
    0x00002404   0x000000dc   Code   RO         5008    .text               c_w.l(bigflt0.o)
    0x000024e0   0x00000016   Code   RO         5038    .text               c_w.l(abort.o)
    0x000024f6   0x00000032   Code   RO         5042    .text               c_w.l(defsig_general.o)
    0x00002528   0x00000034   Code   RO         5044    .text               c_w.l(defsig_rtred_inner.o)
    0x0000255c   0x00000050   Code   RO         5046    .text               c_w.l(defsig_rtmem_inner.o)
    0x000025ac   0x0000003c   Code   RO         5061    .text               cpprt_w.l(arm_exceptions_mem.o)
    0x000025e8   0x0000000e   Code   RO         5092    .text               c_w.l(sys_wrch.o)
    0x000025f6   0x00000002   Code   RO         5094    .text               c_w.l(use_no_semi.o)
    0x000025f8   0x00000000   Code   RO         5096    .text               c_w.l(indicate_semi.o)
    0x000025f8   0x0000000e   Code   RO         5110    .text               c_w.l(defsig_abrt_outer.o)
    0x00002606   0x00000002   PAD
    0x00002608   0x00000030   Code   RO         5126    .text               c_w.l(defsig_abrt_inner.o)
    0x00002638   0x0000003e   Code   RO         5011    CL$$btod_d2e        c_w.l(btod.o)
    0x00002676   0x00000046   Code   RO         5013    CL$$btod_d2e_denorm_low  c_w.l(btod.o)
    0x000026bc   0x00000060   Code   RO         5012    CL$$btod_d2e_norm_op1  c_w.l(btod.o)
    0x0000271c   0x00000338   Code   RO         5021    CL$$btod_div_common  c_w.l(btod.o)
    0x00002a54   0x000000c6   Code   RO         5018    CL$$btod_e2e        c_w.l(btod.o)
    0x00002b1a   0x00000028   Code   RO         5015    CL$$btod_ediv       c_w.l(btod.o)
    0x00002b42   0x00000028   Code   RO         5014    CL$$btod_emul       c_w.l(btod.o)
    0x00002b6a   0x00000244   Code   RO         5020    CL$$btod_mult_common  c_w.l(btod.o)
    0x00002dae   0x00000010   Code   RO         2307    i.$Sub$$main        mbed.lib(retarget.o)
    0x00002dbe   0x00000002   PAD
    0x00002dc0   0x00000040   Code   RO          791    i.NVIC_SetVector    cmsis_nvic.o
    0x00002e00   0x000002d4   Code   RO          846    i.SystemCoreClockUpdate  system_lpc407x_8x_177x_8x.o
    0x000030d4   0x000000ec   Code   RO          847    i.SystemInit        system_lpc407x_8x_177x_8x.o
    0x000031c0   0x000000fc   Code   RO         3107    i._Z10sdram_initv   ebb.lib(sdram.o)
    0x000032bc   0x0000005c   Code   RO         3108    i._Z10sdram_testv   ebb.lib(sdram.o)
    0x00003318   0x00000024   Code   RO          360    i._Z10startagainv   controls.o
    0x0000333c   0x0000008c   Code   RO          495    i._Z10wraparoundv   physics.o
    0x000033c8   0x00000048   Code   RO         3109    i._Z11calibrationv  ebb.lib(sdram.o)
    0x00003410   0x00000084   Code   RO         3110    i._Z11find_cmddlyv  ebb.lib(sdram.o)
    0x00003494   0x00000020   Code   RO         2308    i._Z11init_serialv  mbed.lib(retarget.o)
    0x000034b4   0x00000028   Code   RO         2805    i._Z11str_to_uintPcj  ebb.lib(ealcdboard.o)
    0x000034dc   0x00000040   Code   RO          699    i._Z12drawmissilesP7missile  drawing.o
    0x0000351c   0x00000074   Code   RO          700    i._Z12gameovertextv  drawing.o
    0x00003590   0x00000058   Code   RO         3111    i._Z13adjust_timingv  ebb.lib(sdram.o)
    0x000035e8   0x00000040   Code   RO          701    i._Z13drawasteroidsP8asteroid  drawing.o
    0x00003628   0x00000084   Code   RO         3112    i._Z13find_fbclkdlyv  ebb.lib(sdram.o)
    0x000036ac   0x00000074   Code   RO          496    i._Z13initialvaluesv  physics.o
    0x00003720   0x000000d0   Code   RO          497    i._Z14asteroidupdateP8asteroid  physics.o
    0x000037f0   0x00000020   Code   RO          498    i._Z14missile_systemv  physics.o
    0x00003810   0x00000020   Code   RO          499    i._Z15asteroid_systemv  physics.o
    0x00003830   0x00000040   Code   RO          500    i._Z15initialise_heapv  physics.o
    0x00003870   0x00000010   Code   RO          501    i._Z16asteroidfreenodeP8asteroid  physics.o
    0x00003880   0x0000001c   Code   RO          502    i._Z17asteroidallocnodev  physics.o
    0x0000389c   0x00000130   Code   RO          503    i._Z18checkshipasteroidsP8asteroid  physics.o
    0x000039cc   0x0000002c   Code   RO          702    i._Z19swap_double_buffersv  drawing.o
    0x000039f8   0x00000020   Code   RO          703    i._Z21init_double_bufferingv  drawing.o
    0x00003a18   0x00000090   Code   RO          504    i._Z22checkmissilesasteroidsP7missileP8asteroid  physics.o
    0x00003aa8   0x00000040   Code   RO          505    i._Z23initialise_asteroidheapv  physics.o
    0x00003ae8   0x00000798   Code   RO          704    i._Z4drawv          drawing.o
    0x00004280   0x00000058   Code   RO          506    i._Z4timev          physics.o
    0x000042d8   0x00000118   Code   RO          705    i._Z6shieldv        drawing.o
    0x000043f0   0x00000060   Code   RO          507    i._Z6strikeP7missile  physics.o
    0x00004450   0x00000070   Code   RO          508    i._Z6strikeP8asteroid  physics.o
    0x000044c0   0x000000cc   Code   RO          509    i._Z6updateP7missile  physics.o
    0x0000458c   0x000002ec   Code   RO          510    i._Z7physicsv       physics.o
    0x00004878   0x00000028   Code   RO          467    i._Z7radiansf       utilities.o
    0x000048a0   0x0000008c   Code   RO          361    i._Z8controlsv      controls.o
    0x0000492c   0x00000010   Code   RO          511    i._Z8freenodeP7missile  physics.o
    0x0000493c   0x0000001c   Code   RO          512    i._Z9allocnodev     physics.o
    0x00004958   0x00000068   Code   RO          362    i._Z9ispressed8position  controls.o
    0x000049c0   0x00000354   Code   RO         3114    i._Z9pinConfigv     ebb.lib(sdram.o)
    0x00004d14   0x0000000a   Code   RO         2806    i._Z9port_pin28PortNamei  ebb.lib(ealcdboard.o)
    0x00004d1e   0x00000018   Code   RO          468    i._Z9randrangeii    utilities.o
    0x00004d36   0x0000007e   Code   RO         2807    i._ZN10EaLcdBoard10eepromReadEPhtt  ebb.lib(ealcdboard.o)
    0x00004db4   0x000000dc   Code   RO         2808    i._ZN10EaLcdBoard10execPinSetEPcj  ebb.lib(ealcdboard.o)
    0x00004e90   0x00000058   Code   RO         2809    i._ZN10EaLcdBoard10getInitSeqEPci  ebb.lib(ealcdboard.o)
    0x00004ee8   0x00000084   Code   RO         2811    i._ZN10EaLcdBoard11execSeqCtrlEPcj  ebb.lib(ealcdboard.o)
    0x00004f6c   0x00000020   Code   RO         2812    i._ZN10EaLcdBoard11set5VSignalEb  ebb.lib(ealcdboard.o)
    0x00004f8c   0x0000003e   Code   RO         2813    i._ZN10EaLcdBoard11setLsStatesEtPhh  ebb.lib(ealcdboard.o)
    0x00004fca   0x00000022   Code   RO         2814    i._ZN10EaLcdBoard12checkVersionEPcj  ebb.lib(ealcdboard.o)
    0x00004fec   0x000000dc   Code   RO         2815    i._ZN10EaLcdBoard12getLcdConfigEPN13LcdController6ConfigE  ebb.lib(ealcdboard.o)
    0x000050c8   0x00000020   Code   RO         2816    i._ZN10EaLcdBoard12set3V3SignalEb  ebb.lib(ealcdboard.o)
    0x000050e8   0x00000044   Code   RO         2819    i._ZN10EaLcdBoard14setFrameBufferEj  ebb.lib(ealcdboard.o)
    0x0000512c   0x000000be   Code   RO         2821    i._ZN10EaLcdBoard15parseInitStringEPcPN13LcdController6ConfigE  ebb.lib(ealcdboard.o)
    0x000051ea   0x0000002c   Code   RO         2822    i._ZN10EaLcdBoard15pca9532_setLedsEtt  ebb.lib(ealcdboard.o)
    0x00005216   0x0000002e   Code   RO         2826    i._ZN10EaLcdBoard20setBacklightContrastEj  ebb.lib(ealcdboard.o)
    0x00005244   0x00000036   Code   RO         2827    i._ZN10EaLcdBoard21pca9532_setBlink0DutyEh  ebb.lib(ealcdboard.o)
    0x0000527a   0x00000018   Code   RO         2828    i._ZN10EaLcdBoard21pca9532_setBlink0LedsEt  ebb.lib(ealcdboard.o)
    0x00005292   0x00000020   Code   RO         2829    i._ZN10EaLcdBoard22setDisplayEnableSignalEb  ebb.lib(ealcdboard.o)
    0x000052b2   0x00000022   Code   RO         2830    i._ZN10EaLcdBoard23pca9532_setBlink0PeriodEh  ebb.lib(ealcdboard.o)
    0x000052d4   0x0000004c   Code   RO         2831    i._ZN10EaLcdBoard4openEPN13LcdController6ConfigEPc  ebb.lib(ealcdboard.o)
    0x00005320   0x0000006c   Code   RO         2833    i._ZN10EaLcdBoard7setLedsEv  ebb.lib(ealcdboard.o)
    0x0000538c   0x00000028   Code   RO         2834    i._ZN10EaLcdBoard8getStoreEPNS_7store_tE  ebb.lib(ealcdboard.o)
    0x000053b4   0x0000001e   Code   RO         2835    i._ZN10EaLcdBoard9execDelayEPcj  ebb.lib(ealcdboard.o)
    0x000053d2   0x00000002   PAD
    0x000053d4   0x00000044   Code   RO         2836    i._ZN10EaLcdBoardC1E7PinNameS0_  ebb.lib(ealcdboard.o)
    0x00005418   0x00000040   Code   RO         1375    i._ZN12Adafruit_GFX10fillCircleEssst  ebb.lib(adafruit_gfx.o)
    0x00005458   0x0000002c   Code   RO         1385    i._ZN12Adafruit_GFX13drawFastHLineEssst  ebb.lib(adafruit_gfx.o)
    0x00005484   0x0000002e   Code   RO         1386    i._ZN12Adafruit_GFX13drawFastVLineEssst  ebb.lib(adafruit_gfx.o)
    0x000054b2   0x000000f6   Code   RO         1391    i._ZN12Adafruit_GFX16fillCircleHelperEssshst  ebb.lib(adafruit_gfx.o)
    0x000055a8   0x00000008   Code   RO         1392    i._ZN12Adafruit_GFX5widthEv  ebb.lib(adafruit_gfx.o)
    0x000055b0   0x0000007a   Code   RO         1393    i._ZN12Adafruit_GFX5writeEh  ebb.lib(adafruit_gfx.o)
    0x0000562a   0x00000008   Code   RO         1394    i._ZN12Adafruit_GFX6heightEv  ebb.lib(adafruit_gfx.o)
    0x00005632   0x00000002   PAD
    0x00005634   0x00000104   Code   RO         1395    i._ZN12Adafruit_GFX8drawCharEsshtth  ebb.lib(adafruit_gfx.o)
    0x00005738   0x000000dc   Code   RO         1396    i._ZN12Adafruit_GFX8drawLineEsssst  ebb.lib(adafruit_gfx.o)
    0x00005814   0x00000068   Code   RO         1397    i._ZN12Adafruit_GFX8drawRectEsssst  ebb.lib(adafruit_gfx.o)
    0x0000587c   0x00000036   Code   RO         1398    i._ZN12Adafruit_GFX8fillRectEsssst  ebb.lib(adafruit_gfx.o)
    0x000058b2   0x00000006   Code   RO         1399    i._ZN12Adafruit_GFX9setCursorEss  ebb.lib(adafruit_gfx.o)
    0x000058b8   0x00000030   Code   RO         1400    i._ZN12Adafruit_GFXC2Ess  ebb.lib(adafruit_gfx.o)
    0x000058e8   0x00000018   Code   RO         3952    i._ZN13LcdController14setFrameBufferEj  ebb.lib(lcdcontroller.o)
    0x00005900   0x0000003c   Code   RO         3953    i._ZN13LcdController15getClockDivisorEi  ebb.lib(lcdcontroller.o)
    0x0000593c   0x000001c0   Code   RO         3954    i._ZN13LcdController4initEPNS_6ConfigE  ebb.lib(lcdcontroller.o)
    0x00005afc   0x00000048   Code   RO         3955    i._ZN13LcdController4openEPNS_6ConfigE  ebb.lib(lcdcontroller.o)
    0x00005b44   0x00000060   Code   RO         1879    i._ZN13LcdController6ConfigC1EiiiiiiiibbbbiNS_12BitsPerPixelEiNS_8LcdPanelEb  ebb.lib(display.o)
    0x00005ba4   0x00000044   Code   RO         3957    i._ZN13LcdController8setPowerEb  ebb.lib(lcdcontroller.o)
    0x00005be8   0x0000015c   Code   RO         3958    i._ZN13LcdController9pinConfigEv  ebb.lib(lcdcontroller.o)
    0x00005d44   0x00000006   Code   RO         3959    i._ZN13LcdControllerC1Ev  ebb.lib(lcdcontroller.o)
    0x00005d4a   0x00000020   Code   RO         2585    i._ZN14EaLcdBoardGPIO11set5VSignalEb  ebb.lib(ealcdboardgpio.o)
    0x00005d6a   0x00000020   Code   RO         2586    i._ZN14EaLcdBoardGPIO12set3V3SignalEb  ebb.lib(ealcdboardgpio.o)
    0x00005d8a   0x00000002   Code   RO         2587    i._ZN14EaLcdBoardGPIO15setWriteProtectEb  ebb.lib(ealcdboardgpio.o)
    0x00005d8c   0x0000005c   Code   RO         2588    i._ZN14EaLcdBoardGPIO20setBacklightContrastEj  ebb.lib(ealcdboardgpio.o)
    0x00005de8   0x00000038   Code   RO         2589    i._ZN14EaLcdBoardGPIO22setDisplayEnableSignalEb  ebb.lib(ealcdboardgpio.o)
    0x00005e20   0x0000009c   Code   RO         2590    i._ZN14EaLcdBoardGPIOC1E7PinNameS0_  ebb.lib(ealcdboardgpio.o)
    0x00005ebc   0x0000001a   Code   RO         2639    i._ZN4mbed10DigitalOutC1E7PinName  ebb.lib(ealcdboardgpio.o)
    0x00005ed6   0x00000002   PAD
    0x00005ed8   0x0000005c   Code   RO         2633    i._ZN4mbed10DigitalOutaSEi  ebb.lib(ealcdboardgpio.o)
    0x00005f34   0x0000003a   Code   RO         2233    i._ZN4mbed10FileHandle4flenEv  mbed.lib(filelike.o)
    0x00005f6e   0x00000010   Code   RO         1315    i._ZN4mbed10TimerEvent3irqEj  mbed.lib(timerevent.o)
    0x00005f7e   0x00000014   Code   RO         1316    i._ZN4mbed10TimerEvent6insertEj  mbed.lib(timerevent.o)
    0x00005f92   0x0000000e   Code   RO         1317    i._ZN4mbed10TimerEvent6removeEv  mbed.lib(timerevent.o)
    0x00005fa0   0x0000002c   Code   RO         1319    i._ZN4mbed10TimerEventC2Ev  mbed.lib(timerevent.o)
    0x00005fcc   0x00000018   Code   RO         1321    i._ZN4mbed10TimerEventD2Ev  mbed.lib(timerevent.o)
    0x00005fe4   0x0000000e   Code   RO         2311    i._ZN4mbed26mbed_set_unbuffered_streamEPSt6__FILE  mbed.lib(retarget.o)
    0x00005ff2   0x0000003a   Code   RO         3523    i._ZN4mbed3I2C4readEiPcib  mbed.lib(i2c.o)
    0x0000602c   0x0000003a   Code   RO         3527    i._ZN4mbed3I2C5writeEiPKcib  mbed.lib(i2c.o)
    0x00006066   0x00000002   PAD
    0x00006068   0x00000020   Code   RO         3528    i._ZN4mbed3I2C6aquireEv  mbed.lib(i2c.o)
    0x00006088   0x0000002c   Code   RO         3530    i._ZN4mbed3I2CC1E7PinNameS1_  mbed.lib(i2c.o)
    0x000060b4   0x00000006   Code   RO         1047    i._ZN4mbed6Stream4flenEv  mbed.lib(stream.o)
    0x000060ba   0x00000006   Code   RO         1053    i._ZN4mbed6Stream5closeEv  mbed.lib(stream.o)
    0x000060c0   0x00000006   Code   RO         1055    i._ZN4mbed6Stream5lseekEli  mbed.lib(stream.o)
    0x000060c6   0x00000030   Code   RO         1057    i._ZN4mbed6Stream5writeEPKvj  mbed.lib(stream.o)
    0x000060f6   0x00000006   Code   RO         1058    i._ZN4mbed6Stream6isattyEv  mbed.lib(stream.o)
    0x000060fc   0x00000028   Code   RO         1059    i._ZN4mbed6Stream6printfEPKcz  mbed.lib(stream.o)
    0x00006124   0x00000048   Code   RO         1060    i._ZN4mbed6StreamC2EPKc  mbed.lib(stream.o)
    0x0000616c   0x00000022   Code   RO         1249    i._ZN4mbed6Ticker5setupEj  mbed.lib(ticker.o)
    0x0000618e   0x00000002   PAD
    0x00006190   0x0000003c   Code   RO           27    i._ZN4mbed6Ticker6attachEPFvvEf  all.o
    0x000061cc   0x00000016   Code   RO         1250    i._ZN4mbed6Ticker6detachEv  mbed.lib(ticker.o)
    0x000061e2   0x00000038   Code   RO         1251    i._ZN4mbed6Ticker7handlerEv  mbed.lib(ticker.o)
    0x0000621a   0x00000002   PAD
    0x0000621c   0x0000002c   Code   RO           33    i._ZN4mbed6TickerC1Ev  all.o
    0x00006248   0x00000020   Code   RO           45    i._ZN4mbed6TickerD1Ev  all.o
    0x00006268   0x00000006   Code   RO         3253    i._ZN4mbed8FileBase11getPathTypeEv  mbed.lib(filebase.o)
    0x0000626e   0x00000002   PAD
    0x00006270   0x00000038   Code   RO         3255    i._ZN4mbed8FileBase6lookupEPKcj  mbed.lib(filebase.o)
    0x000062a8   0x00000028   Code   RO         3257    i._ZN4mbed8FileBaseC1EPKcNS_8PathTypeE  mbed.lib(filebase.o)
    0x000062d0   0x0000002c   Code   RO         2201    i._ZN4mbed8FileLikeC2EPKc  mbed.lib(filelike.o)
    0x000062fc   0x00000014   Code   RO         3318    i._ZN4mbed8FilePath10fileSystemEv  mbed.lib(filepath.o)
    0x00006310   0x0000001c   Code   RO         3319    i._ZN4mbed8FilePath12isFileSystemEv  mbed.lib(filepath.o)
    0x0000632c   0x0000001e   Code   RO         3320    i._ZN4mbed8FilePath4fileEv  mbed.lib(filepath.o)
    0x0000634a   0x0000000e   Code   RO         3321    i._ZN4mbed8FilePath6existsEv  mbed.lib(filepath.o)
    0x00006358   0x0000001c   Code   RO         3322    i._ZN4mbed8FilePath6isFileEv  mbed.lib(filepath.o)
    0x00006374   0x00000006   Code   RO         3323    i._ZN4mbed8FilePath8fileNameEv  mbed.lib(filepath.o)
    0x0000637a   0x00000056   Code   RO         3324    i._ZN4mbed8FilePathC1EPKc  mbed.lib(filepath.o)
    0x000063d0   0x0000001a   Code   RO          398    i._ZN4mbed9DigitalInC1E7PinName  controls.o
    0x000063ea   0x00000026   Code   RO         3037    i._ZN5GFXFb10fillScreenEt  ebb.lib(gfxfb.o)
    0x00006410   0x00000062   Code   RO         3039    i._ZN5GFXFb13drawFastHLineEssst  ebb.lib(gfxfb.o)
    0x00006472   0x00000068   Code   RO         3040    i._ZN5GFXFb13drawFastVLineEssst  ebb.lib(gfxfb.o)
    0x000064da   0x00000046   Code   RO         3043    i._ZN5GFXFb9drawPixelEsst  ebb.lib(gfxfb.o)
    0x00006520   0x00000028   Code   RO         3044    i._ZN5GFXFbC1EttPt  ebb.lib(gfxfb.o)
    0x00006548   0x0000003c   Code   RO         1822    i._ZN7Display10theDisplayEv  ebb.lib(display.o)
    0x00006584   0x00000014   Code   RO         1824    i._ZN7Display5_putcEi  ebb.lib(display.o)
    0x00006598   0x00000150   Code   RO         1826    i._ZN7DisplayC1Ev   ebb.lib(display.o)
    0x000066e8   0x00000018   Code   RO          640    i._ZSt3cosf         physics.o
    0x00006700   0x00000018   Code   RO          634    i._ZSt3sinf         physics.o
    0x00006718   0x00000028   Code   RO         4403    i._Znwj             cpprt_w.l(new.o)
    0x00006740   0x00000030   Code   RO         5082    i.__ARM_fpclassify  m_wm.l(fpclassify.o)
    0x00006770   0x00000026   Code   RO         4813    i.__ARM_fpclassifyf  m_wm.l(fpclassifyf.o)
    0x00006796   0x00000010   Code   RO         4410    i.__cxa_guard_acquire  cpprt_w.l(cxa_guard_acquire.o)
    0x000067a6   0x00000006   Code   RO         4407    i.__cxa_pure_virtual  cpprt_w.l(pure_virt.o)
    0x000067ac   0x00000150   Code   RO         4546    i.__hardfp_cosf     m_wm.l(cosf.o)
    0x000068fc   0x00000190   Code   RO         4558    i.__hardfp_sinf     m_wm.l(sinf.o)
    0x00006a8c   0x00000006   Code   RO         4816    i.__mathlib_flt_infnan  m_wm.l(funder.o)
    0x00006a92   0x00000002   PAD
    0x00006a94   0x00000010   Code   RO         4818    i.__mathlib_flt_invalid  m_wm.l(funder.o)
    0x00006aa4   0x00000010   Code   RO         4821    i.__mathlib_flt_underflow  m_wm.l(funder.o)
    0x00006ab4   0x00000154   Code   RO         4829    i.__mathlib_rredf2  m_wm.l(rredf.o)
    0x00006c08   0x00000006   Code   RO         3115    i.__reserved_stack_size  ebb.lib(sdram.o)
    0x00006c0e   0x00000002   PAD
    0x00006c10   0x00000044   Code   RO         3116    i.__rt_heap_extend  ebb.lib(sdram.o)
    0x00006c54   0x00000010   Code   RO          706    i.__sti___11_drawing_cpp_lcd  drawing.o
    0x00006c64   0x00000038   Code   RO          363    i.__sti___12_controls_cpp_buttons  controls.o
    0x00006c9c   0x0000005c   Code   RO            3    i.__sti___7_all_cpp_drawing  all.o
    0x00006cf8   0x00000030   Code   RO          882    i.__user_setup_stackheap  sys.o
    0x00006d28   0x00000026   Code   RO          941    i._gpio_init_in     mbed.lib(gpio.o)
    0x00006d4e   0x00000034   Code   RO          942    i._gpio_init_out    mbed.lib(gpio.o)
    0x00006d82   0x0000000e   Code   RO         4313    i._is_digit         c_w.l(__printf_wp.o)
    0x00006d90   0x00000030   Code   RO         2314    i._sys_close        mbed.lib(retarget.o)
    0x00006dc0   0x0000002c   Code   RO         2317    i._sys_flen         mbed.lib(retarget.o)
    0x00006dec   0x0000002c   Code   RO         2318    i._sys_istty        mbed.lib(retarget.o)
    0x00006e18   0x00000130   Code   RO         2319    i._sys_open         mbed.lib(retarget.o)
    0x00006f48   0x00000030   Code   RO         2321    i._sys_seek         mbed.lib(retarget.o)
    0x00006f78   0x00000064   Code   RO         2322    i._sys_write        mbed.lib(retarget.o)
    0x00006fdc   0x00000020   Code   RO         2073    i.error             mbed.lib(error.o)
    0x00006ffc   0x00000020   Code   RO         2324    i.exit              mbed.lib(retarget.o)
    0x0000701c   0x00000050   Code   RO          848    i.fpu_init          system_lpc407x_8x_177x_8x.o
    0x0000706c   0x0000001a   Code   RO         4340    i.fputc             c_w.l(fputc.o)
    0x00007086   0x00000002   PAD
    0x00007088   0x00000008   Code   RO         2169    i.get_us_ticker_data  mbed.lib(us_ticker_api.o)
    0x00007090   0x00000090   Code   RO         2266    i.gpio_dir          mbed.lib(gpio_api.o)
    0x00007120   0x00000038   Code   RO         2267    i.gpio_init         mbed.lib(gpio_api.o)
    0x00007158   0x00000012   Code   RO          943    i.gpio_init_in      mbed.lib(gpio.o)
    0x0000716a   0x00000014   Code   RO          944    i.gpio_init_in_ex   mbed.lib(gpio.o)
    0x0000717e   0x00000012   Code   RO          946    i.gpio_init_out     mbed.lib(gpio.o)
    0x00007190   0x00000016   Code   RO          947    i.gpio_init_out_ex  mbed.lib(gpio.o)
    0x000071a6   0x00000012   Code   RO         2268    i.gpio_mode         mbed.lib(gpio_api.o)
    0x000071b8   0x00000070   Code   RO         2269    i.gpio_set          mbed.lib(gpio_api.o)
    0x00007228   0x00000080   Code   RO          948    i.gpio_write        mbed.lib(gpio.o)
    0x000072a8   0x00000080   Code   RO         3924    i.gpio_write        mbed.lib(board.o)
    0x00007328   0x00000016   Code   RO         4071    i.i2c_clear_SI      mbed.lib(i2c_api.o)
    0x0000733e   0x00000018   Code   RO         4072    i.i2c_conclr        mbed.lib(i2c_api.o)
    0x00007356   0x00000018   Code   RO         4073    i.i2c_conset        mbed.lib(i2c_api.o)
    0x0000736e   0x0000003e   Code   RO         4074    i.i2c_do_read       mbed.lib(i2c_api.o)
    0x000073ac   0x00000020   Code   RO         4075    i.i2c_do_write      mbed.lib(i2c_api.o)
    0x000073cc   0x0000001c   Code   RO         4076    i.i2c_frequency     mbed.lib(i2c_api.o)
    0x000073e8   0x00000144   Code   RO         4077    i.i2c_init          mbed.lib(i2c_api.o)
    0x0000752c   0x000000b0   Code   RO         4078    i.i2c_read          mbed.lib(i2c_api.o)
    0x000075dc   0x00000048   Code   RO         4187    i.i2c_start         mbed.lib(i2c_api.o)
    0x00007624   0x00000008   Code   RO         4085    i.i2c_status        mbed.lib(i2c_api.o)
    0x0000762c   0x00000040   Code   RO         4193    i.i2c_stop          mbed.lib(i2c_api.o)
    0x0000766c   0x00000028   Code   RO         4086    i.i2c_wait_SI       mbed.lib(i2c_api.o)
    0x00007694   0x00000082   Code   RO         4087    i.i2c_write         mbed.lib(i2c_api.o)
    0x00007716   0x00000002   PAD
    0x00007718   0x000000f0   Code   RO            4    i.main              all.o
    0x00007808   0x0000004c   Code   RO          921    i.mbed_assert_internal  mbed.lib(assert.o)
    0x00007854   0x00000074   Code   RO         3925    i.mbed_die          mbed.lib(board.o)
    0x000078c8   0x00000002   Code   RO         2325    i.mbed_main         mbed.lib(retarget.o)
    0x000078ca   0x00000002   Code   RO         2326    i.mbed_sdk_init     mbed.lib(retarget.o)
    0x000078cc   0x00000074   Code   RO         3601    i.pin_function      mbed.lib(pinmap.o)
    0x00007940   0x0000008c   Code   RO         3602    i.pin_mode          mbed.lib(pinmap.o)
    0x000079cc   0x00000020   Code   RO         4020    i.pinmap_find_peripheral  mbed.lib(pinmap_common.o)
    0x000079ec   0x00000040   Code   RO         4022    i.pinmap_merge      mbed.lib(pinmap_common.o)
    0x00007a2c   0x0000004c   Code   RO         4023    i.pinmap_peripheral  mbed.lib(pinmap_common.o)
    0x00007a78   0x00000054   Code   RO         4024    i.pinmap_pinout     mbed.lib(pinmap_common.o)
    0x00007acc   0x000000f4   Code   RO         3679    i.pwmout_init       mbed.lib(pwmout_api.o)
    0x00007bc0   0x00000016   Code   RO         3681    i.pwmout_period_ms  mbed.lib(pwmout_api.o)
    0x00007bd6   0x00000002   PAD
    0x00007bd8   0x00000044   Code   RO         3682    i.pwmout_period_us  mbed.lib(pwmout_api.o)
    0x00007c1c   0x00000068   Code   RO         3687    i.pwmout_write      mbed.lib(pwmout_api.o)
    0x00007c84   0x00000144   Code   RO         3759    i.serial_baud       mbed.lib(serial_api.o)
    0x00007dc8   0x000000fc   Code   RO         3763    i.serial_format     mbed.lib(serial_api.o)
    0x00007ec4   0x000001ac   Code   RO         3766    i.serial_init       mbed.lib(serial_api.o)
    0x00008070   0x00000018   Code   RO         3770    i.serial_putc       mbed.lib(serial_api.o)
    0x00008088   0x0000000c   Code   RO         3772    i.serial_writable   mbed.lib(serial_api.o)
    0x00008094   0x00000050   Code   RO         2114    i.ticker_insert_event  mbed.lib(ticker_api.o)
    0x000080e4   0x0000005a   Code   RO         2115    i.ticker_irq_handler  mbed.lib(ticker_api.o)
    0x0000813e   0x0000000c   Code   RO         2116    i.ticker_read       mbed.lib(ticker_api.o)
    0x0000814a   0x00000052   Code   RO         2117    i.ticker_remove_event  mbed.lib(ticker_api.o)
    0x0000819c   0x00000012   Code   RO         2118    i.ticker_set_handler  mbed.lib(ticker_api.o)
    0x000081ae   0x00000002   PAD
    0x000081b0   0x0000000c   Code   RO         3627    i.us_ticker_clear_interrupt  mbed.lib(us_ticker.o)
    0x000081bc   0x00000014   Code   RO         3628    i.us_ticker_disable_interrupt  mbed.lib(us_ticker.o)
    0x000081d0   0x00000074   Code   RO         3629    i.us_ticker_init    mbed.lib(us_ticker.o)
    0x00008244   0x00000010   Code   RO         2170    i.us_ticker_irq_handler  mbed.lib(us_ticker_api.o)
    0x00008254   0x0000001c   Code   RO         3630    i.us_ticker_read    mbed.lib(us_ticker.o)
    0x00008270   0x00000014   Code   RO         3631    i.us_ticker_set_interrupt  mbed.lib(us_ticker.o)
    0x00008284   0x00000028   Code   RO         3218    i.wait              mbed.lib(wait_api.o)
    0x000082ac   0x00000012   Code   RO         3219    i.wait_ms           mbed.lib(wait_api.o)
    0x000082be   0x00000018   Code   RO         3220    i.wait_us           mbed.lib(wait_api.o)
    0x000082d6   0x00000002   PAD
    0x000082d8   0x0000002c   Code   RO         5036    locale$$code        c_w.l(lc_numeric_c.o)
    0x00008304   0x0000002c   Code   RO         5106    locale$$code        c_w.l(lc_ctype_c.o)
    0x00008330   0x00000008   Code   RO           39    t._ZN4mbed19FunctionPointerArg1IvvE6attachEPFvvE  all.o
    0x00008338   0x00000062   Code   RO         4522    x$fpl$d2f           fz_wm.l(d2f.o)
    0x0000839a   0x00000002   PAD
    0x0000839c   0x00000150   Code   RO         4524    x$fpl$dadd          fz_wm.l(daddsub_clz.o)
    0x000084ec   0x00000018   Code   RO         4792    x$fpl$dcmpinf       fz_wm.l(dcmpi.o)
    0x00008504   0x000002b0   Code   RO         4531    x$fpl$ddiv          fz_wm.l(ddiv.o)
    0x000087b4   0x0000005e   Code   RO         4534    x$fpl$dfix          fz_wm.l(dfix.o)
    0x00008812   0x00000002   PAD
    0x00008814   0x00000078   Code   RO         4538    x$fpl$dleqf         fz_wm.l(dleqf.o)
    0x0000888c   0x00000154   Code   RO         4540    x$fpl$dmul          fz_wm.l(dmul.o)
    0x000089e0   0x0000009c   Code   RO         4794    x$fpl$dnaninf       fz_wm.l(dnaninf.o)
    0x00008a7c   0x0000000c   Code   RO         4796    x$fpl$dretinf       fz_wm.l(dretinf.o)
    0x00008a88   0x0000006c   Code   RO         4542    x$fpl$drleqf        fz_wm.l(drleqf.o)
    0x00008af4   0x000001d4   Code   RO         4526    x$fpl$dsub          fz_wm.l(daddsub_clz.o)
    0x00008cc8   0x00000056   Code   RO         4544    x$fpl$f2d           fz_wm.l(f2d.o)
    0x00008d1e   0x0000008c   Code   RO         4798    x$fpl$fnaninf       fz_wm.l(fnaninf.o)
    0x00008daa   0x0000000a   Code   RO         4988    x$fpl$fpinit        fz_wm.l(fpinit.o)
    0x00008db4   0x0000000a   Code   RO         4800    x$fpl$fretinf       fz_wm.l(fretinf.o)
    0x00008dbe   0x00000004   Code   RO         4802    x$fpl$printf1       fz_wm.l(printf1.o)
    0x00008dc2   0x00000004   Code   RO         4804    x$fpl$printf2       fz_wm.l(printf2.o)
    0x00008dc6   0x00000000   Code   RO         4812    x$fpl$usenofp       fz_wm.l(usenofp.o)
    0x00008dc6   0x000004fb   Data   RO         1429    .constdata          ebb.lib(adafruit_gfx.o)
    0x000092c1   0x00000003   PAD
    0x000092c4   0x0000001c   Data   RO         2171    .constdata          mbed.lib(us_ticker_api.o)
    0x000092e0   0x00000017   Data   RO         2368    .constdata          mbed.lib(retarget.o)
    0x000092f7   0x00000001   PAD
    0x000092f8   0x00000190   Data   RO         3688    .constdata          mbed.lib(pwmout_api.o)
    0x00009488   0x0000012c   Data   RO         3780    .constdata          mbed.lib(serial_api.o)
    0x000095b4   0x00000128   Data   RO         4088    .constdata          mbed.lib(i2c_api.o)
    0x000096dc   0x00000028   Data   RO         4301    .constdata          c_w.l(_printf_hex_int_ll_ptr.o)
    0x00009704   0x00000011   Data   RO         4321    .constdata          c_w.l(__printf_flags_ss_wp.o)
    0x00009715   0x00000003   PAD
    0x00009718   0x00000008   Data   RO         4629    .constdata          c_w.l(_printf_wctomb.o)
    0x00009720   0x00000020   Data   RO         4830    .constdata          m_wm.l(rredf.o)
    0x00009740   0x00000026   Data   RO         4872    .constdata          c_w.l(_printf_fp_hex.o)
    0x00009766   0x00000002   PAD
    0x00009768   0x00000094   Data   RO         5009    .constdata          c_w.l(bigflt0.o)
    0x000097fc   0x0000001c   Data   RO         3012    .constdata__ZTV10EaLcdBoard  ebb.lib(ealcdboard.o)
    0x00009818   0x0000002c   Data   RO         1569    .constdata__ZTV12Adafruit_GFX  ebb.lib(adafruit_gfx.o)
    0x00009844   0x0000001c   Data   RO         2632    .constdata__ZTV14EaLcdBoardGPIO  ebb.lib(ealcdboardgpio.o)
    0x00009860   0x0000002c   Data   RO         3096    .constdata__ZTV5GFXFb  ebb.lib(gfxfb.o)
    0x0000988c   0x00000070   Data   RO         1878    .constdata__ZTV7Display  ebb.lib(display.o)
    0x000098fc   0x0000002c   Data   RO         2534    .constdata__ZTVN4mbed10FileHandleE  mbed.lib(retarget.o)
    0x00009928   0x00000014   Data   RO         1365    .constdata__ZTVN4mbed10TimerEventE  mbed.lib(timerevent.o)
    0x0000993c   0x00000044   Data   RO         1158    .constdata__ZTVN4mbed6StreamE  mbed.lib(stream.o)
    0x00009980   0x00000014   Data   RO         1277    .constdata__ZTVN4mbed6TickerE  mbed.lib(ticker.o)
    0x00009994   0x00000010   Data   RO         3304    .constdata__ZTVN4mbed8FileBaseE  mbed.lib(filebase.o)
    0x000099a4   0x0000003c   Data   RO         2232    .constdata__ZTVN4mbed8FileLikeE  mbed.lib(filelike.o)
    0x000099e0   0x00000048   Data   RO          369    .conststring        controls.o
    0x00009a28   0x00000042   Data   RO         3689    .conststring        mbed.lib(pwmout_api.o)
    0x00009a6a   0x00000002   PAD
    0x00009a6c   0x000000c6   Data   RO         3781    .conststring        mbed.lib(serial_api.o)
    0x00009b32   0x00000002   PAD
    0x00009b34   0x00000020   Data   RO         5177    Region$$Table       anon$$obj.o
    0x00009b54   0x0000001c   Data   RO         5035    locale$$data        c_w.l(lc_numeric_c.o)
    0x00009b70   0x00000110   Data   RO         5105    locale$$data        c_w.l(lc_ctype_c.o)
    0x00009c80   0x00000004   Data   RO            8    .init_array         all.o
    0x00009c84   0x00000004   Data   RO          370    .init_array         controls.o
    0x00009c88   0x00000004   Data   RO          716    .init_array         drawing.o
    0x00009c8c   0x00000000   Data   RO         4395    .init_array         c_w.l(init_aeabi.o)


    Execution Region RW_IRAM1 (Base: 0x100000e8, Size: 0x000009a0, Max: 0x0000ff18, ABSOLUTE)

    Base Addr    Size         Type   Attr      Idx    E Section Name        Object

    0x100000e8   0x0000006c   Data   RW          532    .data               physics.o
    0x10000154   0x00000004   Data   RW          715    .data               drawing.o
    0x10000158   0x00000010   Data   RW          849    .data               system_lpc407x_8x_177x_8x.o
    0x10000168   0x00000008   Data   RW         1840    .data               ebb.lib(display.o)
    0x10000170   0x00000008   Data   RW         2172    .data               mbed.lib(us_ticker_api.o)
    0x10000178   0x00000010   Data   RW         3127    .data               ebb.lib(sdram.o)
    0x10000188   0x00000004   Data   RW         3267    .data               mbed.lib(filebase.o)
    0x1000018c   0x00000004   Data   RW         3540    .data               mbed.lib(i2c.o)
    0x10000190   0x00000004   Data   RW         3632    .data               mbed.lib(us_ticker.o)
    0x10000194   0x00000004   Data   RW         3690    .data               mbed.lib(pwmout_api.o)
    0x10000198   0x00000010   Data   RW         3782    .data               mbed.lib(serial_api.o)
    0x100001a8   0x00000001   Data   RW         3968    .data               ebb.lib(lcdcontroller.o)
    0x100001a9   0x00000003   PAD
    0x100001ac   0x00000004   Data   RW         4352    .data               c_w.l(stdio_streams.o)
    0x100001b0   0x00000004   Data   RW         4353    .data               c_w.l(stdio_streams.o)
    0x100001b4   0x00000004   Data   RW         4354    .data               c_w.l(stdio_streams.o)
    0x100001b8   0x000000c0   Zero   RW            7    .bss                all.o
    0x10000278   0x00000078   Zero   RW          368    .bss                controls.o
    0x100002f0   0x00000150   Zero   RW          531    .bss                physics.o
    0x10000440   0x00000040   Zero   RW         2367    .bss                mbed.lib(retarget.o)
    0x10000480   0x00000400   Zero   RW         2869    .bss                ebb.lib(ealcdboard.o)
    0x10000880   0x00000054   Zero   RW         4349    .bss                c_w.l(stdio_streams.o)
    0x100008d4   0x00000054   Zero   RW         4350    .bss                c_w.l(stdio_streams.o)
    0x10000928   0x00000054   Zero   RW         4351    .bss                c_w.l(stdio_streams.o)
    0x1000097c   0x000000e4   Zero   RW         4369    .bss                c_w.l(rand.o)
    0x10000a60   0x00000004   Zero   RW         4574    .bss                c_w.l(rt_heap_descriptor.o)
    0x10000a64   0x00000004   Zero   RW         4579    .bss                c_w.l(rt_new_handler_addr.o)
    0x10000a68   0x00000004   Zero   RW         4584    .bss                c_w.l(rt_ddtor_pointer_addr.o)
    0x10000a6c   0x00000004   Zero   RW         4853    .bss                c_w.l(rt_errno_addr.o)
    0x10000a70   0x00000014   Zero   RW         4995    .bss                c_w.l(rt_locale.o)
    0x10000a84   0x00000004   Zero   RW         5000    .bss                c_w.l(rt_eh_globals_addr.o)


    Execution Region RW_IRAM2 (Base: 0x20000000, Size: 0x00000000, Max: 0x00004000, ABSOLUTE)

    **** No section assigned to this execution region ****


    Execution Region RW_IRAM3 (Base: 0x20004000, Size: 0x00000000, Max: 0x00004000, ABSOLUTE)

    **** No section assigned to this execution region ****



  Load Region LR_IROM2 (Base: 0x28000000, Size: 0x00000000, Max: 0x01000000, ABSOLUTE)

    Execution Region ER_IROM2 (Base: 0x28000000, Size: 0x00000000, Max: 0x01000000, ABSOLUTE)

    **** No section assigned to this execution region ****


==============================================================================

Image component sizes


      Code (inc. data)   RO Data    RW Data    ZI Data      Debug   Object Name

       476         94          4          0        192      59735   all.o
        64          6          0          0          0      28185   cmsis_nvic.o
       362         68         76          0        120       6474   controls.o
      2560        260          4          4          0       8254   drawing.o
      2488        366          0        108        336      14301   physics.o
        40         12        228          0          0       1284   startup_lpc407x_8x_177x_8x.o
        48          6          0          0          0       3309   sys.o
      1040         62          0         16          0       4948   system_lpc407x_8x_177x_8x.o
        64         10          0          0          0       1170   utilities.o

    ----------------------------------------------------------------------
      7142        884        344        128        648     127660   Object Totals
         0          0         32          0          0          0   (incl. Generated)
         0          0          0          0          0          0   (incl. Padding)

    ----------------------------------------------------------------------

      Code (inc. data)   RO Data    RW Data    ZI Data      Debug   Library Member Name

        60          8          0          0          0         84   __0sscanf.o
        44          6          0          0          0         84   __2sprintf.o
         8          0          0          0          0         68   __main.o
       392          4         17          0          0         92   __printf_flags_ss_wp.o
        14          0          0          0          0         68   __printf_wp.o
         0          0          0          0          0          0   __rtentry.o
        12          0          0          0          0          0   __rtentry2.o
         6          0          0          0          0          0   __rtentry4.o
        52          8          0          0          0          0   __scatter.o
        26          0          0          0          0          0   __scatter_copy.o
        28          0          0          0          0          0   __scatter_zi.o
        28          0          0          0          0         68   _chval.o
         6          0          0          0          0          0   _printf_a.o
         6          0          0          0          0          0   _printf_c.o
        44          0          0          0          0        108   _printf_char.o
        48          6          0          0          0         96   _printf_char_common.o
        36          4          0          0          0         80   _printf_char_file.o
        40          0          0          0          0         68   _printf_charcount.o
         6          0          0          0          0          0   _printf_d.o
       120         16          0          0          0         92   _printf_dec.o
         6          0          0          0          0          0   _printf_e.o
         6          0          0          0          0          0   _printf_f.o
      1050          0          0          0          0        216   _printf_fp_dec.o
       764          8         38          0          0        100   _printf_fp_hex.o
       128         16          0          0          0         84   _printf_fp_infnan.o
         6          0          0          0          0          0   _printf_g.o
       148          4         40          0          0        160   _printf_hex_int_ll_ptr.o
         6          0          0          0          0          0   _printf_i.o
       178          0          0          0          0         88   _printf_intcommon.o
        10          0          0          0          0          0   _printf_l.o
         6          0          0          0          0          0   _printf_lc.o
        10          0          0          0          0          0   _printf_ll.o
         6          0          0          0          0          0   _printf_lld.o
         6          0          0          0          0          0   _printf_lli.o
         6          0          0          0          0          0   _printf_llo.o
         6          0          0          0          0          0   _printf_llu.o
         6          0          0          0          0          0   _printf_llx.o
       124         16          0          0          0         92   _printf_longlong_dec.o
         6          0          0          0          0          0   _printf_ls.o
         6          0          0          0          0          0   _printf_n.o
         6          0          0          0          0          0   _printf_o.o
       112          8          0          0          0        124   _printf_oct_int_ll.o
         6          0          0          0          0          0   _printf_p.o
        78          0          0          0          0        108   _printf_pad.o
         0          0          0          0          0          0   _printf_percent.o
         4          0          0          0          0          0   _printf_percent_end.o
         6          0          0          0          0          0   _printf_s.o
        82          0          0          0          0         80   _printf_str.o
        36          0          0          0          0         84   _printf_truncate.o
         6          0          0          0          0          0   _printf_u.o
        44          0          0          0          0        108   _printf_wchar.o
       188          6          8          0          0         92   _printf_wctomb.o
         6          0          0          0          0          0   _printf_x.o
        22          0          0          0          0        100   _rserrno.o
       884          6          0          0          0        100   _scanf.o
       332          0          0          0          0         96   _scanf_int.o
        64          0          0          0          0         84   _sgetc.o
        10          0          0          0          0         68   _sputc.o
        64          0          0          0          0         92   _wcrtomb.o
        22          0          0          0          0         80   abort.o
        46          0          0          0          0         84   aeabi_atexit.o
       220          4        148          0          0         96   bigflt0.o
      1910        128          0          0          0        672   btod.o
        10          0          0          0          0         68   c89vfprintf.o
        66          0          0          0          0         84   cxa_finalize.o
        48         34          0          0          0         76   defsig_abrt_inner.o
        14          0          0          0          0         80   defsig_abrt_outer.o
        10          0          0          0          0         68   defsig_exit.o
        50          0          0          0          0         88   defsig_general.o
        48         34          0          0          0         76   defsig_pvfn_inner.o
        14          0          0          0          0         80   defsig_pvfn_outer.o
        80         58          0          0          0         76   defsig_rtmem_inner.o
        14          0          0          0          0         80   defsig_rtmem_outer.o
        52         38          0          0          0         76   defsig_rtred_inner.o
        14          0          0          0          0         80   defsig_rtred_outer.o
        76          0          0          0          0         88   fclose.o
         8          0          0          0          0         68   ferror.o
       100          4          0          0          0        120   fflush.o
       470          0          0          0          0         88   flsbuf.o
       236          4          0          0          0        128   fopen.o
        26          0          0          0          0         68   fputc.o
       248          6          0          0          0         84   fseek.o
        66          0          0          0          0         76   ftell.o
        94          0          0          0          0         80   h1_alloc.o
        52          0          0          0          0         68   h1_extend.o
        78          0          0          0          0         80   h1_free.o
        14          0          0          0          0         84   h1_init.o
         8          0          0          0          0         84   heapauxmm.o
         4          0          0          0          0        136   hguard.o
         0          0          0          0          0          0   indicate_semi.o
        36         10          0          0          0         80   init_aeabi.o
       138          0          0          0          0        168   init_alloc.o
       312         46          0          0          0        112   initio.o
        18          0          0          0          0         76   isspace.o
        44         10        272          0          0         76   lc_ctype_c.o
        44         10         28          0          0         76   lc_numeric_c.o
         2          0          0          0          0          0   libinit.o
        54          0          0          0          0          0   libinit2.o
         0          0          0          0          0          0   libshutdown2.o
       138          0          0          0          0         80   lludiv10.o
         0          0          0          0          0          0   maybetermalloc1.o
       112         18          0          0        228        160   rand.o
        16          4          0          0          0         76   rt_ctype_table.o
         8          4          0          0          4         68   rt_ddtor_pointer_addr.o
         8          4          0          0          4         68   rt_eh_globals_addr.o
         8          4          0          0          4         68   rt_errno_addr.o
         8          4          0          0          4         68   rt_heap_descriptor.o
         8          4          0          0         20         68   rt_locale.o
        68          0          0          0          0         68   rt_memclr.o
        78          0          0          0          0         80   rt_memclr_w.o
         8          4          0          0          4         68   rt_new_handler_addr.o
        44          8          0          0          0         84   scanf_char.o
        20          0          0          0          0         68   setbuf.o
        70          0          0          0          0         80   setvbuf.o
       240          6          0          0          0        156   stdio.o
         0          0          0         12        252          0   stdio_streams.o
       128          0          0          0          0         68   strcmpv7m.o
        62          0          0          0          0         76   strlen.o
       150          0          0          0          0         80   strncmp.o
        12          4          0          0          0         68   sys_exit.o
        14          0          0          0          0         76   sys_wrch.o
         2          0          0          0          0         68   use_no_semi.o
        10          0          0          0          0         68   vfprintf.o
        80         12          0          0          0        104   arm_exceptions_globs.o
        60          0          0          0          0        108   arm_exceptions_mem.o
        26          0          0          0          0         76   arm_exceptions_terminate.o
         4          0          0          0          0         68   arm_newhandler_noexceptions.o
        16          0          0          0          0         68   cxa_guard_acquire.o
        40          6          0          0          0         76   new.o
         6          0          0          0          0         68   pure_virt.o
      1230         10       1319          0          0      20004   adafruit_gfx.o
       512         74        112          8          0      44324   display.o
      1810         52         28          0       1024      22964   ealcdboard.o
       488         58         28          0          0      39904   ealcdboardgpio.o
       350          4         44          0          0       5640   gfxfb.o
      1026         62          0          1          0       6368   lcdcontroller.o
      1694         98          0         16          0       7296   sdram.o
        98          4          0          0          0        140   d2f.o
       804         16          0          0          0        368   daddsub_clz.o
        24          0          0          0          0        116   dcmpi.o
       688        140          0          0          0        256   ddiv.o
        94          4          0          0          0        140   dfix.o
       120          4          0          0          0        140   dleqf.o
       340         12          0          0          0        152   dmul.o
       156          4          0          0          0        140   dnaninf.o
        12          0          0          0          0        116   dretinf.o
       108          0          0          0          0        128   drleqf.o
        86          4          0          0          0        132   f2d.o
       140          4          0          0          0        132   fnaninf.o
        10          0          0          0          0        116   fpinit.o
        10          0          0          0          0        116   fretinf.o
         4          0          0          0          0        116   printf1.o
         4          0          0          0          0        116   printf2.o
         0          0          0          0          0          0   usenofp.o
       336         56          0          0          0        136   cosf.o
        48          0          0          0          0        124   fpclassify.o
        38          0          0          0          0        116   fpclassifyf.o
        38         12          0          0          0        348   funder.o
       340         24         32          0          0        160   rredf.o
       400         56          0          0          0        212   sinf.o
        76         54          0          0          0        659   assert.o
       244         82          0          0          0       1203   board.o
        32          4          0          0          0       1808   error.o
       102         12         16          4          0       1960   filebase.o
       102         10         60          0          0       3612   filelike.o
       212          0          0          0          0       6352   filepath.o
       296         82          0          0          0      32392   gpio.o
       330        154          0          0          0       3414   gpio_api.o
       192         16          0          4          0       4372   i2c.o
      1006        122        296          0          0      11817   i2c_api.o
       256        148          0          0          0       1782   pinmap.o
       256         76          0          0          0       2976   pinmap_common.o
       438         68        466          4          0       4135   pwmout_api.o
       686         68         67          0         64      15730   retarget.o
      1040        144        498         16          0       7011   serial_api.o
       184         14         68          0          0      38252   stream.o
       112          0         20          0          0       5760   ticker.o
       282          0          0          0          0       4516   ticker_api.o
       118         16         20          0          0       2640   timerevent.o
       196         48          0          4          0      29764   us_ticker.o
        24         10         28          8          0       1545   us_ticker_api.o
        82          4          0          0          0       1651   wait_api.o

    ----------------------------------------------------------------------
     28924       2414       3666         80       1608     342191   Library Totals
        50          0         13          3          0          0   (incl. Padding)

    ----------------------------------------------------------------------

      Code (inc. data)   RO Data    RW Data    ZI Data      Debug   Library Name

     11368        566        551         12        520       8252   c_w.l
       232         18          0          0          0        568   cpprt_w.l
      7110        358       1531         25       1024     146500   ebb.lib
      2698        192          0          0          0       2424   fz_wm.l
      1200        148         32          0          0       1096   m_wm.l
      6266       1132       1539         40         64     183351   mbed.lib

    ----------------------------------------------------------------------
     28924       2414       3666         80       1608     342191   Library Totals

    ----------------------------------------------------------------------

==============================================================================


      Code (inc. data)   RO Data    RW Data    ZI Data      Debug   

     36066       3298       4010        208       2256     441703   Grand Totals
     36066       3298       4010        208       2256     441703   ELF Image Totals
     36066       3298       4010        208          0          0   ROM Totals

==============================================================================

    Total RO  Size (Code + RO Data)                40076 (  39.14kB)
    Total RW  Size (RW Data + ZI Data)              2464 (   2.41kB)
    Total ROM Size (Code + RO Data + RW Data)      40284 (  39.34kB)

==============================================================================

